Component: ARM Compiler 5.06 update 6 (build 750) Tool: armlink [4d35ed]

==============================================================================

Section Cross References

    main.o(i._Z4loopv) refers to sensor.o(i._ZN6Sensor6updateEv) for Sensor::update()
    main.o(i._Z4loopv) refers to sensor.o(i._ZN6Sensor8getAngleEv) for Sensor::getAngle()
    main.o(i._Z4loopv) refers to sensor.o(i._ZN6Sensor11getVelocityEv) for Sensor::getVelocity()
    main.o(i._Z4loopv) refers to lowpass_filter.o(i._ZN13LowPassFilterclEf) for LowPassFilter::operator ()(float)
    main.o(i._Z4loopv) refers to foc_utils.o(i._Z15_normalizeAnglef) for _normalizeAngle(float)
    main.o(i._Z4loopv) refers to faddsub_clz.o(x$fpl$fsub) for __aeabi_fsub
    main.o(i._Z4loopv) refers to f2d.o(x$fpl$f2d) for __aeabi_f2d
    main.o(i._Z4loopv) refers to daddsub_clz.o(x$fpl$dadd) for __aeabi_dadd
    main.o(i._Z4loopv) refers to d2f.o(x$fpl$d2f) for __aeabi_d2f
    main.o(i._Z4loopv) refers to cosf.o(i.cosf) for cosf
    main.o(i._Z4loopv) refers to arduino.o(i.digitalWrite) for digitalWrite
    main.o(i._Z4loopv) refers to time_utils.o(i._Z6_delaym) for _delay(unsigned long)
    main.o(i._Z4loopv) refers to dmul.o(x$fpl$dmul) for __aeabi_dmul
    main.o(i._Z4loopv) refers to faddsub_clz.o(x$fpl$fadd) for __aeabi_fadd
    main.o(i._Z4loopv) refers to main.o(i._ZSt3absf) for std::abs(float)
    main.o(i._Z4loopv) refers to dleqf.o(x$fpl$dleqf) for __aeabi_cdcmple
    main.o(i._Z4loopv) refers to daddsub_clz.o(x$fpl$dsub) for __aeabi_dsub
    main.o(i._Z4loopv) refers to drleqf.o(x$fpl$drleqf) for __aeabi_cdrcmple
    main.o(i._Z4loopv) refers to frleqf.o(x$fpl$frleqf) for __aeabi_cfrcmple
    main.o(i._Z4loopv) refers to print.o(i._ZN5Print5printEii) for Print::print(int, int)
    main.o(i._Z4loopv) refers to print.o(i._ZN5Print5printEc) for Print::print(char)
    main.o(i._Z4loopv) refers to main.o(.bss) for ma730
    main.o(i._Z4loopv) refers to main.o(.data) for bar_angle
    main.o(i._Z4loopv) refers to hardwareserial.o(.bss) for Serial2
    main.o(i._Z4loopv) refers to print.o(i._ZN5Print5printEdi) for Print::print(double, int)
    main.o(i._Z4loopv) refers to print.o(i._ZN5Print7printlnEdi) for Print::println(double, int)
    main.o(i._Z4loopv) refers to bldcmotor.o(i._ZN9BLDCMotor7loopFOCEv) for BLDCMotor::loopFOC()
    main.o(i._Z4loopv) refers to fleqf.o(x$fpl$fleqf) for __aeabi_cfcmple
    main.o(i._Z4loopv) refers to bldcmotor.o(i._ZN9BLDCMotor4moveEf) for BLDCMotor::move(float)
    main.o(i._Z5setupv) refers to arduino.o(i.pinMode) for pinMode
    main.o(i._Z5setupv) refers to magneticsensorspi.o(i._ZN17MagneticSensorSPI4initEP8SPIClass) for MagneticSensorSPI::init(SPIClass*)
    main.o(i._Z5setupv) refers to focmotor.o(i._ZN8FOCMotor10linkSensorEP6Sensor) for FOCMotor::linkSensor(Sensor*)
    main.o(i._Z5setupv) refers to bldcdriver3pwm.o(i._ZN14BLDCDriver3PWM4initEv) for BLDCDriver3PWM::init()
    main.o(i._Z5setupv) refers to bldcmotor.o(i._ZN9BLDCMotor10linkDriverEP10BLDCDriver) for BLDCMotor::linkDriver(BLDCDriver*)
    main.o(i._Z5setupv) refers to hardwareserial.o(i._ZN14HardwareSerial5beginEj) for HardwareSerial::begin(unsigned)
    main.o(i._Z5setupv) refers to focmotor.o(i._ZN8FOCMotor13useMonitoringER5Print) for FOCMotor::useMonitoring(Print&)
    main.o(i._Z5setupv) refers to bldcmotor.o(i._ZN9BLDCMotor4initEv) for BLDCMotor::init()
    main.o(i._Z5setupv) refers to bldcmotor.o(i._ZN9BLDCMotor7initFOCEf9Direction) for BLDCMotor::initFOC(float, Direction)
    main.o(i._Z5setupv) refers to f2d.o(x$fpl$f2d) for __aeabi_f2d
    main.o(i._Z5setupv) refers to ddiv.o(x$fpl$ddiv) for __aeabi_ddiv
    main.o(i._Z5setupv) refers to d2f.o(x$fpl$d2f) for __aeabi_d2f
    main.o(i._Z5setupv) refers to commander.o(i._ZN9Commander3addEcPFvPcES0_) for Commander::add(char, void(*)(char*), char*)
    main.o(i._Z5setupv) refers to print.o(i._ZN5Print7printlnEPK19__FlashStringHelper) for Print::println(const __FlashStringHelper*)
    main.o(i._Z5setupv) refers to time_utils.o(i._Z6_delaym) for _delay(unsigned long)
    main.o(i._Z5setupv) refers to sensor.o(i._ZN6Sensor8getAngleEv) for Sensor::getAngle()
    main.o(i._Z5setupv) refers to sensor.o(i._ZN6Sensor11getVelocityEv) for Sensor::getVelocity()
    main.o(i._Z5setupv) refers to lowpass_filter.o(i._ZN13LowPassFilterclEf) for LowPassFilter::operator ()(float)
    main.o(i._Z5setupv) refers to print.o(i._ZN5Print7printlnEPKc) for Print::println(const char*)
    main.o(i._Z5setupv) refers to main.o(.data) for angle_kp
    main.o(i._Z5setupv) refers to spi.o(.bss) for SPI
    main.o(i._Z5setupv) refers to main.o(.bss) for sensor
    main.o(i._Z5setupv) refers to hardwareserial.o(.bss) for Serial2
    main.o(i._Z5setupv) refers to main.o(i._Z8doTargetPc) for doTarget(char*)
    main.o(i._Z8doTargetPc) refers to commander.o(i._ZN9Commander6scalarEPfPc) for Commander::scalar(float*, char*)
    main.o(i._Z8doTargetPc) refers to main.o(.data) for target_angle
[...]
    TIM_OC2Init                              0x08002959   Thumb Code   154  stm32f10x_tim.o(i.TIM_OC2Init)
    TIM_OC2PreloadConfig                     0x080029fd   Thumb Code    26  stm32f10x_tim.o(i.TIM_OC2PreloadConfig)
    TIM_OC3Init                              0x08002a19   Thumb Code   150  stm32f10x_tim.o(i.TIM_OC3Init)
    TIM_OC3PreloadConfig                     0x08002ab9   Thumb Code    18  stm32f10x_tim.o(i.TIM_OC3PreloadConfig)
    TIM_OC4Init                              0x08002acd   Thumb Code   114  stm32f10x_tim.o(i.TIM_OC4Init)
    TIM_OC4PreloadConfig                     0x08002b49   Thumb Code    26  stm32f10x_tim.o(i.TIM_OC4PreloadConfig)
    TIM_TimeBaseInit                         0x08002b65   Thumb Code   122  stm32f10x_tim.o(i.TIM_TimeBaseInit)
    TIMx_OCxInit                             0x08002c09   Thumb Code   320  pwm.o(i.TIMx_OCxInit)
    Timer_ClockCmd                           0x08002d89   Thumb Code   290  timer.o(i.Timer_ClockCmd)
    USART1_IRQHandler                        0x08002eed   Thumb Code    10  hardwareserial.o(i.USART1_IRQHandler)
    USART2_IRQHandler                        0x08002efd   Thumb Code    10  hardwareserial.o(i.USART2_IRQHandler)
    USART3_IRQHandler                        0x08002f0d   Thumb Code    10  hardwareserial.o(i.USART3_IRQHandler)
    USART_ClearITPendingBit                  0x08002f1d   Thumb Code    30  stm32f10x_usart.o(i.USART_ClearITPendingBit)
    USART_Cmd                                0x08002f3b   Thumb Code    24  stm32f10x_usart.o(i.USART_Cmd)
    USART_GetFlagStatus                      0x08002f53   Thumb Code    26  stm32f10x_usart.o(i.USART_GetFlagStatus)
    USART_GetITStatus                        0x08002f6d   Thumb Code    84  stm32f10x_usart.o(i.USART_GetITStatus)
    USART_ITConfig                           0x08002fc1   Thumb Code    74  stm32f10x_usart.o(i.USART_ITConfig)
    USART_Init                               0x0800300d   Thumb Code   210  stm32f10x_usart.o(i.USART_Init)
    USART_ReceiveData                        0x080030e5   Thumb Code    10  stm32f10x_usart.o(i.USART_ReceiveData)
    USART_SendData                           0x080030ef   Thumb Code     8  stm32f10x_usart.o(i.USART_SendData)
    _sqrtApprox(float)                       0x080030f9   Thumb Code    26  foc_utils.o(i._Z11_sqrtApproxf)
    _normalizeAngle(float)                   0x08003119   Thumb Code    40  foc_utils.o(i._Z15_normalizeAnglef)
    _electricalAngle(float, int)             0x08003145   Thumb Code    22  foc_utils.o(i._Z16_electricalAnglefi)
    _cos(float)                              0x0800315d   Thumb Code    46  foc_utils.o(i._Z4_cosf)
    _sin(float)                              0x08003195   Thumb Code   410  foc_utils.o(i._Z4_sinf)
    loop()                                   0x0800334d   Thumb Code  1406  main.o(i._Z4loopv)
    setup()                                  0x080038f1   Thumb Code   342  main.o(i._Z5setupv)
    _delay(unsigned long)                    0x08003b45   Thumb Code    12  time_utils.o(i._Z6_delaym)
    _micros()                                0x08003b51   Thumb Code     8  time_utils.o(i._Z7_microsv)
    doTarget(char*)                          0x08003b59   Thumb Code    16  main.o(i._Z8doTargetPc)
    SPISettings::SPISettings()               0x08003b71   Thumb Code    22  magneticsensorspi.o(i._ZN11SPISettingsC1Ev)
    SPISettings::SPISettings__sub_object()   0x08003b71   Thumb Code     0  magneticsensorspi.o(i._ZN11SPISettingsC1Ev)
    CurrentSense::getFOCCurrents(float)      0x08003b8d   Thumb Code   228  currentsense.o(i._ZN12CurrentSense14getFOCCurrentsEf)
    LowPassFilter::LowPassFilter(float)      0x08003c7d   Thumb Code    22  lowpass_filter.o(i._ZN13LowPassFilterC1Ef)
    LowPassFilter::LowPassFilter__sub_object(float) 0x08003c7d   Thumb Code     0  lowpass_filter.o(i._ZN13LowPassFilterC1Ef)
    LowPassFilter::operator ()(float)        0x08003c95   Thumb Code   136  lowpass_filter.o(i._ZN13LowPassFilterclEf)
    PIDController::PIDController(float, float, float, float, float) 0x08003d29   Thumb Code    50  pid.o(i._ZN13PIDControllerC1Efffff)
    PIDController::PIDController__sub_object(float, float, float, float, float) 0x08003d29   Thumb Code     0  pid.o(i._ZN13PIDControllerC1Efffff)
    PIDController::operator ()(float)        0x08003d5d   Thumb Code   356  pid.o(i._ZN13PIDControllerclEf)
    BLDCDriver3PWM::setPhaseState(int, int, int) 0x08003ec9   Thumb Code     2  bldcdriver3pwm.o(i._ZN14BLDCDriver3PWM13setPhaseStateEiii)
    BLDCDriver3PWM::init()                   0x08003ecd   Thumb Code   170  bldcdriver3pwm.o(i._ZN14BLDCDriver3PWM4initEv)
    BLDCDriver3PWM::enable()                 0x08003f7d   Thumb Code   110  bldcdriver3pwm.o(i._ZN14BLDCDriver3PWM6enableEv)
    BLDCDriver3PWM::setPwm(float, float, float) 0x08003ff1   Thumb Code   392  bldcdriver3pwm.o(i._ZN14BLDCDriver3PWM6setPwmEfff)
    BLDCDriver3PWM::disable()                0x0800417d   Thumb Code   140  bldcdriver3pwm.o(i._ZN14BLDCDriver3PWM7disableEv)
    BLDCDriver3PWM::BLDCDriver3PWM(int, int, int, int, int, int) 0x0800420d   Thumb Code    40  bldcdriver3pwm.o(i._ZN14BLDCDriver3PWMC1Eiiiiii)
    BLDCDriver3PWM::BLDCDriver3PWM__sub_object(int, int, int, int, int, int) 0x0800420d   Thumb Code     0  bldcdriver3pwm.o(i._ZN14BLDCDriver3PWMC1Eiiiiii)
    HardwareSerial::IRQHandler()             0x08004245   Thumb Code    82  hardwareserial.o(i._ZN14HardwareSerial10IRQHandlerEv)
    HardwareSerial::begin(unsigned)          0x08004297   Thumb Code    18  hardwareserial.o(i._ZN14HardwareSerial5beginEj)
    HardwareSerial::begin(unsigned, SERIAL_Config) 0x080042a9   Thumb Code    26  hardwareserial.o(i._ZN14HardwareSerial5beginEj13SERIAL_Config)
    HardwareSerial::begin(unsigned, SERIAL_Config, unsigned char, unsigned char) 0x080042c5   Thumb Code   268  hardwareserial.o(i._ZN14HardwareSerial5beginEj13SERIAL_Confighh)
    HardwareSerial::write(unsigned char)     0x080043e5   Thumb Code    32  hardwareserial.o(i._ZN14HardwareSerial5writeEh)
    HardwareSerial::HardwareSerial(USART_TypeDef*) 0x08004405   Thumb Code    40  hardwareserial.o(i._ZN14HardwareSerialC1EP13USART_TypeDef)
    HardwareSerial::HardwareSerial__sub_object(USART_TypeDef*) 0x08004405   Thumb Code     0  hardwareserial.o(i._ZN14HardwareSerialC1EP13USART_TypeDef)
    MagneticSensorSPI::getRawCount()         0x08004439   Thumb Code    14  magneticsensorspi.o(i._ZN17MagneticSensorSPI11getRawCountEv)
    MagneticSensorSPI::getSensorAngle()      0x08004449   Thumb Code    38  magneticsensorspi.o(i._ZN17MagneticSensorSPI14getSensorAngleEv)
    MagneticSensorSPI::spiCalcEvenParity(unsigned) 0x08004475   Thumb Code    36  magneticsensorspi.o(i._ZN17MagneticSensorSPI17spiCalcEvenParityEj)
    MagneticSensorSPI::init(SPIClass*)       0x08004499   Thumb Code   116  magneticsensorspi.o(i._ZN17MagneticSensorSPI4initEP8SPIClass)
    MagneticSensorSPI::read(unsigned)        0x0800450d   Thumb Code   216  magneticsensorspi.o(i._ZN17MagneticSensorSPI4readEj)
    MagneticSensorSPI::MagneticSensorSPI(MagneticSensorSPIConfig_s, int) 0x080045ed   Thumb Code   142  magneticsensorspi.o(i._ZN17MagneticSensorSPIC1E25MagneticSensorSPIConfig_si)
    MagneticSensorSPI::MagneticSensorSPI__sub_object(MagneticSensorSPIConfig_s, int) 0x080045ed   Thumb Code     0  magneticsensorspi.o(i._ZN17MagneticSensorSPIC1E25MagneticSensorSPIConfig_si)
    Print::printFloat(double, unsigned char) 0x08004681   Thumb Code   334  print.o(i._ZN5Print10printFloatEdh)
    Print::printNumber(unsigned long long, unsigned char) 0x080047f5   Thumb Code   144  print.o(i._ZN5Print11printNumberEyh)
    Print::print(const __FlashStringHelper*) 0x08004885   Thumb Code    16  print.o(i._ZN5Print5printEPK19__FlashStringHelper)
    Print::print(const char*)                0x08004895   Thumb Code    18  print.o(i._ZN5Print5printEPKc)
    Print::print(char)                       0x080048a7   Thumb Code    18  print.o(i._ZN5Print5printEc)
    Print::print(double, int)                0x080048b9   Thumb Code    26  print.o(i._ZN5Print5printEdi)
    Print::print(int, int)                   0x080048d3   Thumb Code    22  print.o(i._ZN5Print5printEii)
    Print::print(long long, int)             0x080048e9   Thumb Code    68  print.o(i._ZN5Print5printExi)
    Print::write(const char*)                0x0800492d   Thumb Code    34  print.o(i._ZN5Print5writeEPKc)
    Print::println(const __FlashStringHelper*) 0x0800494f   Thumb Code    28  print.o(i._ZN5Print7printlnEPK19__FlashStringHelper)
    Print::println(const char*)              0x0800496b   Thumb Code    28  print.o(i._ZN5Print7printlnEPKc)
    Print::println(double, int)              0x08004987   Thumb Code    44  print.o(i._ZN5Print7printlnEdi)
    Print::println(int, int)                 0x080049b3   Thumb Code    36  print.o(i._ZN5Print7printlnEii)
    Print::println()                         0x080049d7   Thumb Code    28  print.o(i._ZN5Print7printlnEv)
    Sensor::getVelocity()                    0x080049f5   Thumb Code   112  sensor.o(i._ZN6Sensor11getVelocityEv)
    Sensor::needsSearch()                    0x08004a75   Thumb Code     6  sensor.o(i._ZN6Sensor11needsSearchEv)
    Sensor::getMechanicalAngle()             0x08004a7b   Thumb Code     6  sensor.o(i._ZN6Sensor18getMechanicalAngleEv)
    Sensor::update()                         0x08004a81   Thumb Code    84  sensor.o(i._ZN6Sensor6updateEv)
    Sensor::getAngle()                       0x08004ad9   Thumb Code    28  sensor.o(i._ZN6Sensor8getAngleEv)
    Sensor::Sensor__sub_object()             0x08004af9   Thumb Code    20  magneticsensori2c.o(i._ZN6SensorC2Ev)
    TwoWire::TwoWire(unsigned char, unsigned char, unsigned char) 0x08004b11   Thumb Code    26  wire.o(i._ZN7TwoWireC1Ehhh)
    TwoWire::TwoWire__sub_object(unsigned char, unsigned char, unsigned char) 0x08004b11   Thumb Code     0  wire.o(i._ZN7TwoWireC1Ehhh)
    TwoWire::~TwoWire()                      0x08004b35   Thumb Code    22  wire.o(i._ZN7TwoWireD1Ev)
    TwoWire::~TwoWire__sub_object()          0x08004b35   Thumb Code     0  wire.o(i._ZN7TwoWireD1Ev)
    FOCMotor::linkSensor(Sensor*)            0x08004b51   Thumb Code     6  focmotor.o(i._ZN8FOCMotor10linkSensorEP6Sensor)
    FOCMotor::shaftAngle()                   0x08004b57   Thumb Code    70  focmotor.o(i._ZN8FOCMotor10shaftAngleEv)
    FOCMotor::shaftVelocity()                0x08004b9d   Thumb Code    60  focmotor.o(i._ZN8FOCMotor13shaftVelocityEv)
    FOCMotor::useMonitoring(Print&)          0x08004bd9   Thumb Code    28  focmotor.o(i._ZN8FOCMotor13useMonitoringER5Print)
    FOCMotor::electricalAngle()              0x08004c0d   Thumb Code    70  focmotor.o(i._ZN8FOCMotor15electricalAngleEv)
    FOCMotor::FOCMotor__sub_object()         0x08004c55   Thumb Code   280  focmotor.o(i._ZN8FOCMotorC2Ev)
    SPIClass::setBitOrder(unsigned short)    0x08004d99   Thumb Code    38  spi.o(i._ZN8SPIClass11setBitOrderEt)
    SPIClass::setDataMode(unsigned char)     0x08004dbf   Thumb Code    82  spi.o(i._ZN8SPIClass11setDataModeEh)
    SPIClass::SPI_Settings(SPI_TypeDef*, unsigned short, unsigned short, unsigned short, unsigned short, unsigned short, unsigned short) 0x08004e11   Thumb Code   128  spi.o(i._ZN8SPIClass12SPI_SettingsEP11SPI_TypeDeftttttt)
    SPIClass::endTransaction()               0x08004e91   Thumb Code     2  spi.o(i._ZN8SPIClass14endTransactionEv)
    SPIClass::beginTransaction(SPISettings)  0x08004e93   Thumb Code    14  spi.o(i._ZN8SPIClass16beginTransactionE11SPISettings)
    SPIClass::begin(SPISettings)             0x08004ea1   Thumb Code    54  spi.o(i._ZN8SPIClass5beginE11SPISettings)
    SPIClass::begin()                        0x08004ed9   Thumb Code   210  spi.o(i._ZN8SPIClass5beginEv)
    SPIClass::setClock(unsigned)             0x08004fc5   Thumb Code    96  spi.o(i._ZN8SPIClass8setClockEj)
    SPIClass::SPIClass(SPI_TypeDef*)         0x08005025   Thumb Code     4  spi.o(i._ZN8SPIClassC1EP11SPI_TypeDef)
    SPIClass::SPIClass__sub_object(SPI_TypeDef*) 0x08005025   Thumb Code     0  spi.o(i._ZN8SPIClassC1EP11SPI_TypeDef)
    BLDCMotor::linkDriver(BLDCDriver*)       0x08005029   Thumb Code     6  bldcmotor.o(i._ZN9BLDCMotor10linkDriverEP10BLDCDriver)
    BLDCMotor::alignSensor()                 0x08005031   Thumb Code   664  bldcmotor.o(i._ZN9BLDCMotor11alignSensorEv)
    BLDCMotor::angleOpenloop(float)          0x080053b9   Thumb Code   270  bldcmotor.o(i._ZN9BLDCMotor13angleOpenloopEf)
    BLDCMotor::setPhaseVoltage(float, float, float) 0x080054d5   Thumb Code  2310  bldcmotor.o(i._ZN9BLDCMotor15setPhaseVoltageEfff)
    BLDCMotor::velocityOpenloop(float)       0x08005ddd   Thumb Code   150  bldcmotor.o(i._ZN9BLDCMotor16velocityOpenloopEf)
    BLDCMotor::alignCurrentSense()           0x08005e81   Thumb Code   108  bldcmotor.o(i._ZN9BLDCMotor17alignCurrentSenseEv)
    BLDCMotor::absoluteZeroSearch()          0x08005f2d   Thumb Code   154  bldcmotor.o(i._ZN9BLDCMotor18absoluteZeroSearchEv)
    BLDCMotor::init()                        0x08006011   Thumb Code   220  bldcmotor.o(i._ZN9BLDCMotor4initEv)
    BLDCMotor::move(float)                   0x08006111   Thumb Code   378  bldcmotor.o(i._ZN9BLDCMotor4moveEf)
    BLDCMotor::enable()                      0x08006291   Thumb Code    38  bldcmotor.o(i._ZN9BLDCMotor6enableEv)
    BLDCMotor::disable()                     0x080062b7   Thumb Code    38  bldcmotor.o(i._ZN9BLDCMotor7disableEv)
    BLDCMotor::initFOC(float, Direction)     0x080062dd   Thumb Code   188  bldcmotor.o(i._ZN9BLDCMotor7initFOCEf9Direction)
    BLDCMotor::loopFOC()                     0x080063e9   Thumb Code   264  bldcmotor.o(i._ZN9BLDCMotor7loopFOCEv)
    BLDCMotor::BLDCMotor(int, float)         0x08006515   Thumb Code    34  bldcmotor.o(i._ZN9BLDCMotorC1Eif)
    BLDCMotor::BLDCMotor__sub_object(int, float) 0x08006515   Thumb Code     0  bldcmotor.o(i._ZN9BLDCMotorC1Eif)
    Commander::isSentinel(char)              0x0800653d   Thumb Code    32  commander.o(i._ZN9Commander10isSentinelEc)
    Commander::printVerbose(const __FlashStringHelper*) 0x08006575   Thumb Code    22  commander.o(i._ZN9Commander12printVerboseEPK19__FlashStringHelper)
    Commander::add(char, void(*)(char*), char*) 0x0800658b   Thumb Code    44  commander.o(i._ZN9Commander3addEcPFvPcES0_)
    Commander::print(const __FlashStringHelper*) 0x080065b7   Thumb Code    28  commander.o(i._ZN9Commander5printEPK19__FlashStringHelper)
    Commander::scalar(float*, char*)         0x080065d3   Thumb Code    52  commander.o(i._ZN9Commander6scalarEPfPc)
    Commander::println(float)                0x08006607   Thumb Code    42  commander.o(i._ZN9Commander7printlnEf)
    Commander::Commander(Stream&, char, bool) 0x08006631   Thumb Code    66  commander.o(i._ZN9CommanderC1ER6Streamcb)
    Commander::Commander__sub_object(Stream&, char, bool) 0x08006631   Thumb Code     0  commander.o(i._ZN9CommanderC1ER6Streamcb)
    SPIClass::transfer16(unsigned short) const 0x08006679   Thumb Code    48  spi.o(i._ZNK8SPIClass10transfer16Et)
    std::abs(float)                          0x080066a9   Thumb Code    10  main.o(i._ZSt3absf)
    std::fabs(float)                         0x080066b3   Thumb Code    10  bldcmotor.o(i._ZSt4fabsf)
    __ARM_fpclassify                         0x080066bd   Thumb Code    40  fpclassify.o(i.__ARM_fpclassify)
    __ARM_fpclassifyf                        0x080066e5   Thumb Code    38  fpclassifyf.o(i.__ARM_fpclassifyf)
    __cxa_guard_acquire                      0x08006735   Thumb Code    16  cxa_guard_acquire.o(i.__cxa_guard_acquire)
    __cxa_pure_virtual                       0x08006745   Thumb Code     6  pure_virt.o(i.__cxa_pure_virtual)
    __kernel_poly                            0x0800674b   Thumb Code   170  poly.o(i.__kernel_poly)
    __mathlib_dbl_divzero                    0x080067f5   Thumb Code    12  dunder.o(i.__mathlib_dbl_divzero)
    __mathlib_dbl_infnan2                    0x08006805   Thumb Code     4  dunder.o(i.__mathlib_dbl_infnan2)
    __mathlib_dbl_invalid                    0x08006809   Thumb Code    12  dunder.o(i.__mathlib_dbl_invalid)
    __mathlib_dbl_overflow                   0x08006815   Thumb Code    14  dunder.o(i.__mathlib_dbl_overflow)
    __mathlib_dbl_underflow                  0x08006825   Thumb Code    10  dunder.o(i.__mathlib_dbl_underflow)
    __mathlib_flt_infnan                     0x08006835   Thumb Code     6  funder.o(i.__mathlib_flt_infnan)
    __mathlib_flt_infnan2                    0x0800683b   Thumb Code     4  funder.o(i.__mathlib_flt_infnan2)
    __mathlib_flt_invalid                    0x0800683f   Thumb Code     8  funder.o(i.__mathlib_flt_invalid)
    __mathlib_flt_underflow                  0x08006847   Thumb Code    10  funder.o(i.__mathlib_flt_underflow)
    __mathlib_narrow                         0x08006851   Thumb Code    16  narrow.o(i.__mathlib_narrow)
    __mathlib_rredf2                         0x08006861   Thumb Code   344  rredf.o(i.__mathlib_rredf2)
    __mathlib_tofloat                        0x080069c9   Thumb Code   184  narrow.o(i.__mathlib_tofloat)
    __support_ldexp                          0x08006bf1   Thumb Code    22  ldexp.o(i.__support_ldexp)
    _is_digit                                0x08006c07   Thumb Code    14  __printf_wp.o(i._is_digit)
    atan2f                                   0x08006c15   Thumb Code   528  atan2f.o(i.atan2f)
    atof                                     0x08006e71   Thumb Code    42  atof.o(i.atof)
    cosf                                     0x08006e9d   Thumb Code   328  cosf.o(i.cosf)
    delay_ms                                 0x08007019   Thumb Code    18  delay.o(i.delay_ms)
    delay_us                                 0x08007031   Thumb Code    74  delay.o(i.delay_us)
    digitalWrite                             0x08007085   Thumb Code    50  arduino.o(i.digitalWrite)
    floorf                                   0x080070bd   Thumb Code   112  floorf.o(i.floorf)
    fmodf                                    0x08007139   Thumb Code   108  fmodf.o(i.fmodf)
    frexp                                    0x080071a5   Thumb Code    80  frexp.o(i.frexp)
    isspace                                  0x080071fd   Thumb Code    18  wstring.o(i.isspace)
    ldexp                                    0x0800720f   Thumb Code   116  ldexp.o(i.ldexp)
    main                                     0x08007285   Thumb Code    34  main.o(i.main)
    micros                                   0x080072ad   Thumb Code    52  delay.o(i.micros)
    pinMode                                  0x080072ed   Thumb Code   134  arduino.o(i.pinMode)
    pow                                      0x08007379   Thumb Code  2512  pow.o(i.pow)
    pwmWrite                                 0x08007d51   Thumb Code    84  pwm.o(i.pwmWrite)
    sqrt                                     0x08007da9   Thumb Code    76  sqrt.o(i.sqrt)
    _get_lc_ctype                            0x08007df5   Thumb Code    44  lc_ctype_c.o(locale$$code)
    _get_lc_numeric                          0x08007e21   Thumb Code    44  lc_numeric_c.o(locale$$code)
    __aeabi_d2f                              0x08007e4d   Thumb Code     0  d2f.o(x$fpl$d2f)
    _d2f                                     0x08007e4d   Thumb Code    98  d2f.o(x$fpl$d2f)
    __aeabi_dadd                             0x08007eb1   Thumb Code     0  daddsub_clz.o(x$fpl$dadd)
    _dadd                                    0x08007eb1   Thumb Code   332  daddsub_clz.o(x$fpl$dadd)
    __fpl_dcheck_NaN1                        0x08008001   Thumb Code    10  dcheck1.o(x$fpl$dcheck1)
    __fpl_dcmp_Inf                           0x08008011   Thumb Code    24  dcmpi.o(x$fpl$dcmpinf)
    __aeabi_ddiv                             0x08008029   Thumb Code     0  ddiv.o(x$fpl$ddiv)
    _ddiv                                    0x08008029   Thumb Code   552  ddiv.o(x$fpl$ddiv)
    __aeabi_cdcmpeq                          0x080082d9   Thumb Code     0  deqf.o(x$fpl$deqf)
    _dcmpeq                                  0x080082d9   Thumb Code   120  deqf.o(x$fpl$deqf)
    __aeabi_d2iz                             0x08008351   Thumb Code     0  dfix.o(x$fpl$dfix)
    _dfix                                    0x08008351   Thumb Code    94  dfix.o(x$fpl$dfix)
    __aeabi_d2uiz                            0x080083b1   Thumb Code     0  dfixu.o(x$fpl$dfixu)
    _dfixu                                   0x080083b1   Thumb Code    90  dfixu.o(x$fpl$dfixu)
    __aeabi_i2d                              0x0800840b   Thumb Code     0  dflt_clz.o(x$fpl$dflt)
    _dflt                                    0x0800840b   Thumb Code    46  dflt_clz.o(x$fpl$dflt)
    __aeabi_l2d                              0x08008439   Thumb Code     0  dfltll_clz.o(x$fpl$dfltll)
    _ll_sto_d                                0x08008439   Thumb Code   162  dfltll_clz.o(x$fpl$dfltll)
    __aeabi_cdcmple                          0x080084dd   Thumb Code     0  dleqf.o(x$fpl$dleqf)
    _dcmple                                  0x080084dd   Thumb Code   120  dleqf.o(x$fpl$dleqf)
    __fpl_dcmple_InfNaN                      0x0800853f   Thumb Code     0  dleqf.o(x$fpl$dleqf)
    __aeabi_dmul                             0x08008555   Thumb Code     0  dmul.o(x$fpl$dmul)
    _dmul                                    0x08008555   Thumb Code   332  dmul.o(x$fpl$dmul)
    __fpl_dnaninf                            0x080086a9   Thumb Code   156  dnaninf.o(x$fpl$dnaninf)
    __fpl_dretinf                            0x08008745   Thumb Code    12  dretinf.o(x$fpl$dretinf)
    __aeabi_cdrcmple                         0x08008751   Thumb Code     0  drleqf.o(x$fpl$drleqf)
    _drcmple                                 0x08008751   Thumb Code   108  drleqf.o(x$fpl$drleqf)
    __aeabi_drsub                            0x080087bd   Thumb Code     0  daddsub_clz.o(x$fpl$drsb)
    _drsb                                    0x080087bd   Thumb Code    22  daddsub_clz.o(x$fpl$drsb)
    _dsqrt                                   0x080087d5   Thumb Code   456  dsqrt_noumaal.o(x$fpl$dsqrt)
    __aeabi_dsub                             0x080089a1   Thumb Code     0  daddsub_clz.o(x$fpl$dsub)
    _dsub                                    0x080089a1   Thumb Code   464  daddsub_clz.o(x$fpl$dsub)
    __aeabi_f2d                              0x08008b75   Thumb Code     0  f2d.o(x$fpl$f2d)
    _f2d                                     0x08008b75   Thumb Code    86  f2d.o(x$fpl$f2d)
    __aeabi_fadd                             0x08008bcd   Thumb Code     0  faddsub_clz.o(x$fpl$fadd)
    _fadd                                    0x08008bcd   Thumb Code   196  faddsub_clz.o(x$fpl$fadd)
    __fpl_fcheck_NaN1                        0x08008c91   Thumb Code     6  fcheck1.o(x$fpl$fcheck1)
    __fpl_fcmp_Inf                           0x08008c9d   Thumb Code    24  fcmpi.o(x$fpl$fcmpinf)
    __aeabi_fdiv                             0x08008cb5   Thumb Code     0  fdiv.o(x$fpl$fdiv)
    _fdiv                                    0x08008cb5   Thumb Code   384  fdiv.o(x$fpl$fdiv)
    __aeabi_cfcmpeq                          0x08008e39   Thumb Code     0  feqf.o(x$fpl$feqf)
    _fcmpeq                                  0x08008e39   Thumb Code   104  feqf.o(x$fpl$feqf)
    __aeabi_f2iz                             0x08008ea1   Thumb Code     0  ffix.o(x$fpl$ffix)
    _ffix                                    0x08008ea1   Thumb Code    54  ffix.o(x$fpl$ffix)
    __aeabi_i2f                              0x08008ed9   Thumb Code     0  fflt_clz.o(x$fpl$fflt)
    _fflt                                    0x08008ed9   Thumb Code    48  fflt_clz.o(x$fpl$fflt)
    __aeabi_ui2f                             0x08008f09   Thumb Code     0  fflt_clz.o(x$fpl$ffltu)
    _ffltu                                   0x08008f09   Thumb Code    38  fflt_clz.o(x$fpl$ffltu)
    __aeabi_cfcmple                          0x08008f31   Thumb Code     0  fleqf.o(x$fpl$fleqf)
    _fcmple                                  0x08008f31   Thumb Code   104  fleqf.o(x$fpl$fleqf)
    __fpl_fcmple_InfNaN                      0x08008f83   Thumb Code     0  fleqf.o(x$fpl$fleqf)
    __aeabi_fmul                             0x08008f99   Thumb Code     0  fmul.o(x$fpl$fmul)
    _fmul                                    0x08008f99   Thumb Code   258  fmul.o(x$fpl$fmul)
    __fpl_fnaninf                            0x0800909b   Thumb Code   140  fnaninf.o(x$fpl$fnaninf)
    _frem                                    0x08009129   Thumb Code   240  frem_clz.o(x$fpl$frem)
    __fpl_fretinf                            0x0800921d   Thumb Code    10  fretinf.o(x$fpl$fretinf)
    __aeabi_cfrcmple                         0x08009227   Thumb Code     0  frleqf.o(x$fpl$frleqf)
    _frcmple                                 0x08009227   Thumb Code    98  frleqf.o(x$fpl$frleqf)
    _frnd                                    0x08009289   Thumb Code    96  frnd.o(x$fpl$frnd)
    __aeabi_frsub                            0x080092e9   Thumb Code     0  faddsub_clz.o(x$fpl$frsb)
    _frsb                                    0x080092e9   Thumb Code    20  faddsub_clz.o(x$fpl$frsb)
    __aeabi_fsub                             0x080092fd   Thumb Code     0  faddsub_clz.o(x$fpl$fsub)
    _fsub                                    0x080092fd   Thumb Code   234  faddsub_clz.o(x$fpl$fsub)
    __ieee_status                            0x080093e7   Thumb Code     6  istatus.o(x$fpl$ieeestatus)
    __aeabi_d2lz                             0x080093ed   Thumb Code     0  dfixll.o(x$fpl$llsfromd)
    _ll_sfrom_d                              0x080093ed   Thumb Code   194  dfixll.o(x$fpl$llsfromd)
    __fpl_return_NaN                         0x080094af   Thumb Code   100  retnan.o(x$fpl$retnan)
    __ARM_scalbn                             0x08009513   Thumb Code    92  scalbn.o(x$fpl$scalbn)
    __ARM_scalbnf                            0x0800956f   Thumb Code    76  scalbnf.o(x$fpl$scalbnf)
    _scanf_real                              0x080095bb   Thumb Code     4  scanf1.o(x$fpl$scanf1)
    _scanf_hex_real                          0x080095bf   Thumb Code     4  scanf2.o(x$fpl$scanf2)
    _scanf_infnan                            0x080095c3   Thumb Code     4  scanf2.o(x$fpl$scanf2)
    __fpl_cmpreturn                          0x080095c7   Thumb Code    48  trapv.o(x$fpl$trapveneer)
    __I$use$fp                               0x080095f6   Number         0  usenofp.o(x$fpl$usenofp)
    PIN_MAP                                  0x08009940   Data        1792  gpio.o(.constdata)
    __mathlib_zero                           0x0800a0c8   Data           8  qnan.o(.constdata)
    vtable for BLDCDriver                    0x0800a184   Data          28  bldcdriver3pwm.o(.constdata__ZTV10BLDCDriver)
    vtable for BLDCDriver3PWM                0x0800a1a0   Data          28  bldcdriver3pwm.o(.constdata__ZTV14BLDCDriver3PWM)
    vtable for HardwareSerial                0x0800a1bc   Data          36  hardwareserial.o(.constdata__ZTV14HardwareSerial)
    vtable for MagneticSensorSPI             0x0800a1e0   Data          44  magneticsensorspi.o(.constdata__ZTV17MagneticSensorSPI)
    vtable for Print                         0x0800a20c   Data          20  print.o(.constdata__ZTV5Print)
    vtable for Sensor                        0x0800a220   Data          44  sensor.o(.constdata__ZTV6Sensor)
    vtable for Stream                        0x0800a24c   Data          36  hardwareserial.o(.constdata__ZTV6Stream)
    vtable for TwoWire                       0x0800a270   Data          16  wire.o(.constdata__ZTV7TwoWire)
    vtable for FOCMotor                      0x0800a280   Data          32  focmotor.o(.constdata__ZTV8FOCMotor)
    vtable for WireBase                      0x0800a2a0   Data          16  wirebase.o(.constdata__ZTV8WireBase)
    vtable for BLDCMotor                     0x0800a2b0   Data          32  bldcmotor.o(.constdata__ZTV9BLDCMotor)
    Region$$Table$$Base                      0x0800a2d0   Number         0  anon$$obj.o(Region$$Table)
    Region$$Table$$Limit                     0x0800a2f0   Number         0  anon$$obj.o(Region$$Table)
    __aeabi_HUGE_VAL                         0x0800a2f0   Data           0  fpconst.o(c$$dinf)
    __aeabi_HUGE_VALL                        0x0800a2f0   Data           0  fpconst.o(c$$dinf)
    __aeabi_INFINITY                         0x0800a2f0   Data           0  fpconst.o(c$$dinf)
    __dInf                                   0x0800a2f0   Data           0  fpconst.o(c$$dinf)
    __huge_val                               0x0800a2f0   Data           0  fpconst.o(c$$dinf)
    __dbl_max                                0x0800a2f8   Data           0  fpconst.o(c$$dmax)
    __ctype                                  0x0800a30d   Data           0  lc_ctype_c.o(locale$$data)
    SHT$$INIT_ARRAY$$Base                    0x0800a42c   Number         0  main.o(.init_array)
    SHT$$INIT_ARRAY$$Limit                   0x0800a440   Number         0  init_aeabi.o(.init_array)
    target_angle                             0x20000000   Data           4  main.o(.data)
    bar_angle                                0x20000004   Data           4  main.o(.data)
    up_angle                                 0x20000008   Data           4  main.o(.data)
    costheta                                 0x2000000c   Data           4  main.o(.data)
    angle_kp                                 0x20000010   Data           4  main.o(.data)
    angle_ki                                 0x20000014   Data           4  main.o(.data)
    angle_kd                                 0x20000018   Data           4  main.o(.data)
    threshold                                0x2000001c   Data           4  main.o(.data)
    total_error                              0x20000020   Data           4  main.o(.data)
    error                                    0x20000024   Data           4  main.o(.data)
    bar_vel                                  0x20000028   Data           4  main.o(.data)
    bar_vel_filtered                         0x2000002c   Data           4  main.o(.data)
    dead_force                               0x20000030   Data           4  main.o(.data)
    base_vel                                 0x20000034   Data           4  main.o(.data)
    base_angle                               0x20000038   Data           4  main.o(.data)
    base_vel_filtered                        0x2000003c   Data           4  main.o(.data)
    theta                                    0x20000040   Data           4  main.o(.data)
    theta_dot                                0x20000044   Data           4  main.o(.data)
    last_force                               0x20000048   Data           4  main.o(.data)
    abs_pos                                  0x2000004c   Data           4  main.o(.data)
    off                                      0x20000050   Data           4  main.o(.data)
    state                                    0x20000054   Data           4  main.o(.data)
    first_enter                              0x20000058   Data           1  main.o(.data)
    i                                        0x2000005c   Data           4  main.o(.data)
    target_force                             0x20000060   Data           4  main.o(.data)
    AS5147_SPI                               0x20000064   Data          28  magneticsensorspi.o(.data)
    MA730_SPI                                0x20000080   Data          28  magneticsensorspi.o(.data)
    MA700_SPI                                0x2000009c   Data          28  magneticsensorspi.o(.data)
    SystemCoreClock                          0x2000022c   Data           4  system_stm32f10x.o(.data)
    AHBPrescTable                            0x20000230   Data          16  system_stm32f10x.o(.data)
    filter                                   0x20000240   Data          12  main.o(.bss)
    base_filter                              0x2000024c   Data          12  main.o(.bss)
    sensor                                   0x20000258   Data          88  main.o(.bss)
    ma730                                    0x200002b0   Data          88  main.o(.bss)
    motor                                    0x20000308   Data         348  main.o(.bss)
    driver                                   0x20000464   Data          56  main.o(.bss)
    command                                  0x2000049c   Data         220  main.o(.bss)
    AS5048_SPI                               0x20000578   Data          28  magneticsensorspi.o(.bss)
    AS5047_SPI                               0x20000594   Data          28  magneticsensorspi.o(.bss)
    Serial                                   0x200005b0   Data         156  hardwareserial.o(.bss)
    Serial2                                  0x2000064c   Data         156  hardwareserial.o(.bss)
    Serial3                                  0x200006e8   Data         156  hardwareserial.o(.bss)
    Wire                                     0x20000784   Data          88  wire.o(.bss)
    SPI                                      0x200007dc   Data          28  spi.o(.bss)
    SPI_2                                    0x200007f8   Data          28  spi.o(.bss)
    SPI_3                                    0x20000814   Data          28  spi.o(.bss)
    __libspace_start                         0x200008c8   Data          96  libspace.o(.bss)
    __temporary_stack_top$libspace           0x20000928   Data           0  libspace.o(.bss)



==============================================================================

Memory Map of the image

  Image Entry point : 0x080000ed

  Load Region LR_IROM1 (Base: 0x08000000, Size: 0x0000a680, Max: 0x00010000, ABSOLUTE, COMPRESSED[0x0000a4fc])

    Execution Region ER_IROM1 (Exec base: 0x08000000, Load base: 0x08000000, Size: 0x0000a440, Max: 0x00010000, ABSOLUTE)

    Exec Addr    Load Addr    Size         Type   Attr      Idx    E Section Name        Object

    0x08000000   0x08000000   0x000000ec   Data   RO         6129    RESET               startup_stm32f10x_md.o
    0x080000ec   0x080000ec   0x00000008   Code   RO         6329  * !!!main             c_w.l(__main.o)
    0x080000f4   0x080000f4   0x00000034   Code   RO         7122    !!!scatter          c_w.l(__scatter.o)
    0x08000128   0x08000128   0x0000005a   Code   RO         7120    !!dczerorl2         c_w.l(__dczerorl2.o)
    0x08000182   0x08000182   0x00000002   PAD
    0x08000184   0x08000184   0x0000001c   Code   RO         7124    !!handler_zi        c_w.l(__scatter_zi.o)
    0x080001a0   0x080001a0   0x00000002   Code   RO         7031    .ARM.Collect$$libinit$$00000000  c_w.l(libinit.o)
    0x080001a2   0x080001a2   0x00000000   Code   RO         6729    .ARM.Collect$$libinit$$00000002  c_w.l(libinit2.o)
    0x080001a2   0x080001a2   0x00000000   Code   RO         6731    .ARM.Collect$$libinit$$00000004  c_w.l(libinit2.o)
    0x080001a2   0x080001a2   0x00000008   Code   RO         6732    .ARM.Collect$$libinit$$00000005  c_w.l(libinit2.o)
    0x080001aa   0x080001aa   0x00000000   Code   RO         6734    .ARM.Collect$$libinit$$0000000A  c_w.l(libinit2.o)
    0x080001aa   0x080001aa   0x00000000   Code   RO         6736    .ARM.Collect$$libinit$$0000000C  c_w.l(libinit2.o)
    0x080001aa   0x080001aa   0x00000000   Code   RO         6738    .ARM.Collect$$libinit$$0000000E  c_w.l(libinit2.o)
    0x080001aa   0x080001aa   0x00000006   Code   RO         6739    .ARM.Collect$$libinit$$0000000F  c_w.l(libinit2.o)
    0x080001b0   0x080001b0   0x00000000   Code   RO         6741    .ARM.Collect$$libinit$$00000011  c_w.l(libinit2.o)
    0x080001b0   0x080001b0   0x0000000c   Code   RO         6742    .ARM.Collect$$libinit$$00000012  c_w.l(libinit2.o)
    0x080001bc   0x080001bc   0x00000000   Code   RO         6743    .ARM.Collect$$libinit$$00000013  c_w.l(libinit2.o)
    0x080001bc   0x080001bc   0x00000000   Code   RO         6745    .ARM.Collect$$libinit$$00000015  c_w.l(libinit2.o)
    0x080001bc   0x080001bc   0x0000000a   Code   RO         6746    .ARM.Collect$$libinit$$00000016  c_w.l(libinit2.o)
    0x080001c6   0x080001c6   0x00000000   Code   RO         6747    .ARM.Collect$$libinit$$00000017  c_w.l(libinit2.o)
    0x080001c6   0x080001c6   0x00000000   Code   RO         6749    .ARM.Collect$$libinit$$00000019  c_w.l(libinit2.o)
    0x080001c6   0x080001c6   0x00000000   Code   RO         6751    .ARM.Collect$$libinit$$0000001B  c_w.l(libinit2.o)
    0x080001c6   0x080001c6   0x00000000   Code   RO         6753    .ARM.Collect$$libinit$$0000001D  c_w.l(libinit2.o)
    0x080001c6   0x080001c6   0x00000000   Code   RO         6755    .ARM.Collect$$libinit$$0000001F  c_w.l(libinit2.o)
    0x080001c6   0x080001c6   0x00000000   Code   RO         6757    .ARM.Collect$$libinit$$00000021  c_w.l(libinit2.o)
    0x080001c6   0x080001c6   0x00000000   Code   RO         6759    .ARM.Collect$$libinit$$00000023  c_w.l(libinit2.o)
    0x080001c6   0x080001c6   0x00000000   Code   RO         6761    .ARM.Collect$$libinit$$00000025  c_w.l(libinit2.o)
    0x080001c6   0x080001c6   0x00000000   Code   RO         6765    .ARM.Collect$$libinit$$0000002C  c_w.l(libinit2.o)
    0x080001c6   0x080001c6   0x00000000   Code   RO         6767    .ARM.Collect$$libinit$$0000002E  c_w.l(libinit2.o)
    0x080001c6   0x080001c6   0x00000000   Code   RO         6769    .ARM.Collect$$libinit$$00000030  c_w.l(libinit2.o)
    0x080001c6   0x080001c6   0x00000004   Code   RO         6770    .ARM.Collect$$libinit$$00000031  c_w.l(libinit2.o)
    0x080001ca   0x080001ca   0x00000000   Code   RO         6771    .ARM.Collect$$libinit$$00000032  c_w.l(libinit2.o)
    0x080001ca   0x080001ca   0x00000002   Code   RO         6772    .ARM.Collect$$libinit$$00000033  c_w.l(libinit2.o)
    0x080001cc   0x080001cc   0x00000002   Code   RO         7105    .ARM.Collect$$libshutdown$$00000000  c_w.l(libshutdown.o)
    0x080001ce   0x080001ce   0x00000006   Code   RO         6950    .ARM.Collect$$libshutdown$$00000001  c_w.l(libshutdown2.o)
    0x080001d4   0x080001d4   0x00000000   Code   RO         6951    .ARM.Collect$$libshutdown$$00000002  c_w.l(libshutdown2.o)
    0x080001d4   0x080001d4   0x00000000   Code   RO         6953    .ARM.Collect$$libshutdown$$00000004  c_w.l(libshutdown2.o)
    0x080001d4   0x080001d4   0x00000000   Code   RO         6956    .ARM.Collect$$libshutdown$$00000007  c_w.l(libshutdown2.o)
    0x080001d4   0x080001d4   0x00000000   Code   RO         6959    .ARM.Collect$$libshutdown$$0000000A  c_w.l(libshutdown2.o)
    0x080001d4   0x080001d4   0x00000000   Code   RO         6961    .ARM.Collect$$libshutdown$$0000000C  c_w.l(libshutdown2.o)
    0x080001d4   0x080001d4   0x00000000   Code   RO         6964    .ARM.Collect$$libshutdown$$0000000F  c_w.l(libshutdown2.o)
    0x080001d4   0x080001d4   0x00000002   Code   RO         6965    .ARM.Collect$$libshutdown$$00000010  c_w.l(libshutdown2.o)
    0x080001d6   0x080001d6   0x00000000   Code   RO         6592    .ARM.Collect$$rtentry$$00000000  c_w.l(__rtentry.o)
    0x080001d6   0x080001d6   0x00000000   Code   RO         6861    .ARM.Collect$$rtentry$$00000002  c_w.l(__rtentry2.o)
    0x080001d6   0x080001d6   0x00000006   Code   RO         6873    .ARM.Collect$$rtentry$$00000004  c_w.l(__rtentry4.o)
    0x080001dc   0x080001dc   0x00000000   Code   RO         6863    .ARM.Collect$$rtentry$$00000009  c_w.l(__rtentry2.o)
    0x080001dc   0x080001dc   0x00000004   Code   RO         6864    .ARM.Collect$$rtentry$$0000000A  c_w.l(__rtentry2.o)
    0x080001e0   0x080001e0   0x00000000   Code   RO         6866    .ARM.Collect$$rtentry$$0000000C  c_w.l(__rtentry2.o)
    0x080001e0   0x080001e0   0x00000008   Code   RO         6867    .ARM.Collect$$rtentry$$0000000D  c_w.l(__rtentry2.o)
    0x080001e8   0x080001e8   0x00000002   Code   RO         7042    .ARM.Collect$$rtexit$$00000000  c_w.l(rtexit.o)
    0x080001ea   0x080001ea   0x00000000   Code   RO         7075    .ARM.Collect$$rtexit$$00000002  c_w.l(rtexit2.o)
    0x080001ea   0x080001ea   0x00000004   Code   RO         7076    .ARM.Collect$$rtexit$$00000003  c_w.l(rtexit2.o)
    0x080001ee   0x080001ee   0x00000006   Code   RO         7077    .ARM.Collect$$rtexit$$00000004  c_w.l(rtexit2.o)
    0x080001f4   0x080001f4   0x00000000   Code   RO         6879    .emb_text           c_w.l(maybetermalloc1.o)
    0x080001f4   0x080001f4   0x00000040   Code   RO         6130    .text               startup_stm32f10x_md.o
    0x08000234   0x08000234   0x00000010   Code   RO         6182    .text               c_w.l(rt_ctype_table.o)
    0x08000244   0x08000244   0x0000004e   Code   RO         6188    .text               c_w.l(h1_free.o)
    0x08000292   0x08000292   0x000000ee   Code   RO         6246    .text               c_w.l(lludivv7m.o)
    0x08000380   0x08000380   0x0000002e   Code   RO         6302    .text               c_w.l(aeabi_atexit.o)
    0x080003ae   0x080003ae   0x0000008a   Code   RO         6317    .text               c_w.l(rt_memcpy_v6.o)
    0x08000438   0x08000438   0x00000064   Code   RO         6321    .text               c_w.l(rt_memcpy_w.o)
    0x0800049c   0x0800049c   0x00000080   Code   RO         6325    .text               c_w.l(strcmpv7m.o)
    0x0800051c   0x0800051c   0x00000006   Code   RO         6327    .text               c_w.l(heapauxi.o)
    0x08000522   0x08000522   0x00000002   PAD
    0x08000524   0x08000524   0x00000024   Code   RO         6334    .text               c_w.l(init_aeabi.o)
    0x08000548   0x08000548   0x00000008   Code   RO         6600    .text               c_w.l(rt_heap_descriptor_intlibspace.o)
    0x08000550   0x08000550   0x00000008   Code   RO         6605    .text               c_w.l(rt_locale_intlibspace.o)
    0x08000558   0x08000558   0x00000008   Code   RO         6610    .text               c_w.l(rt_ddtor_pointer_addr_intlibspace.o)
    0x08000560   0x08000560   0x00000008   Code   RO         6615    .text               c_w.l(rt_errno_addr_intlibspace.o)
    0x08000568   0x08000568   0x00000004   Code   RO         6617    .text               c_w.l(hguard.o)
    0x0800056c   0x0800056c   0x0000008a   Code   RO         6619    .text               c_w.l(init_alloc.o)
    0x080005f6   0x080005f6   0x0000005e   Code   RO         6625    .text               c_w.l(h1_alloc.o)
    0x08000654   0x08000654   0x00000016   Code   RO         6639    .text               c_w.l(_rserrno.o)
    0x0800066a   0x0800066a   0x00000002   PAD
    0x0800066c   0x0800066c   0x000000a4   Code   RO         6710    .text               c_w.l(strtod.o)
    0x08000710   0x08000710   0x00000042   Code   RO         6717    .text               c_w.l(cxa_finalize.o)
    0x08000752   0x08000752   0x0000000e   Code   RO         6720    .text               c_w.l(defsig_pvfn_outer.o)
    0x08000760   0x08000760   0x00000008   Code   RO         6857    .text               c_w.l(libspace.o)
    0x08000768   0x08000768   0x0000000e   Code   RO         6881    .text               c_w.l(h1_init.o)
    0x08000776   0x08000776   0x00000034   Code   RO         6883    .text               c_w.l(h1_extend.o)
    0x080007aa   0x080007aa   0x00000040   Code   RO         6899    .text               c_w.l(_sgetc.o)
    0x080007ea   0x080007ea   0x00000002   PAD
    0x080007ec   0x080007ec   0x000000e4   Code   RO         6903    .text               c_w.l(bigflt0.o)
    0x080008d0   0x080008d0   0x0000000a   Code   RO         6933    .text               c_w.l(defsig_exit.o)
    0x080008da   0x080008da   0x0000000e   Code   RO         6935    .text               c_w.l(defsig_rtmem_outer.o)
    0x080008e8   0x080008e8   0x00000030   Code   RO         6939    .text               c_w.l(defsig_pvfn_inner.o)
    0x08000918   0x08000918   0x0000000c   Code   RO         6991    .text               c_w.l(sys_exit.o)
    0x08000924   0x08000924   0x0000004a   Code   RO         6993    .text               c_w.l(sys_stackheap_outer.o)
    0x0800096e   0x0800096e   0x0000001c   Code   RO         7004    .text               c_w.l(_chval.o)
    0x0800098a   0x0800098a   0x00000002   PAD
    0x0800098c   0x0800098c   0x000004f8   Code   RO         7006    .text               c_w.l(scanf_fp.o)
    0x08000e84   0x08000e84   0x00000012   Code   RO         7008    .text               c_w.l(exit.o)
    0x08000e96   0x08000e96   0x00000032   Code   RO         7014    .text               c_w.l(defsig_general.o)
    0x08000ec8   0x08000ec8   0x00000050   Code   RO         7020    .text               c_w.l(defsig_rtmem_inner.o)
    0x08000f18   0x08000f18   0x0000000e   Code   RO         7037    .text               c_w.l(sys_wrch.o)
    0x08000f26   0x08000f26   0x00000002   Code   RO         7039    .text               c_w.l(use_no_semi.o)
    0x08000f28   0x08000f28   0x00000000   Code   RO         7041    .text               c_w.l(indicate_semi.o)
    0x08000f28   0x08000f28   0x00000320   Code   RO         7081    .text               c_w.l(scanf_hexfp.o)
    0x08001248   0x08001248   0x00000134   Code   RO         7083    .text               c_w.l(scanf_infnan.o)
    0x0800137c   0x0800137c   0x00000026   Code   RO         7101    .text               c_w.l(llshl.o)
    0x080013a2   0x080013a2   0x00000338   Code   RO         6916    CL$$btod_div_common  c_w.l(btod.o)
    0x080016da   0x080016da   0x00000002   PAD
    0x080016dc   0x080016dc   0x00000084   Code   RO         6914    CL$$btod_e2d        c_w.l(btod.o)
    0x08001760   0x08001760   0x000000dc   Code   RO         6913    CL$$btod_e2e        c_w.l(btod.o)
    0x0800183c   0x0800183c   0x0000002a   Code   RO         6910    CL$$btod_ediv       c_w.l(btod.o)
    0x08001866   0x08001866   0x0000002a   Code   RO         6912    CL$$btod_edivd      c_w.l(btod.o)
    0x08001890   0x08001890   0x0000002a   Code   RO         6909    CL$$btod_emul       c_w.l(btod.o)
    0x080018ba   0x080018ba   0x0000002a   Code   RO         6911    CL$$btod_emuld      c_w.l(btod.o)
    0x080018e4   0x080018e4   0x00000244   Code   RO         6915    CL$$btod_mult_common  c_w.l(btod.o)
    0x08001b28   0x08001b28   0x00000016   Code   RO         4320    i.ADC_Cmd           stm32f10x_adc.o
    0x08001b3e   0x08001b3e   0x00000002   PAD
    0x08001b40   0x08001b40   0x000000b4   Code   RO         3803    i.ADC_DMA_Register  adc.o
    0x08001bf4   0x08001bf4   0x0000002c   Code   RO         3804    i.ADC_DMA_SearchChannel  adc.o
    0x08001c20   0x08001c20   0x0000005c   Code   RO         4322    i.ADC_DeInit        stm32f10x_adc.o
    0x08001c7c   0x08001c7c   0x00000014   Code   RO         4328    i.ADC_GetCalibrationStatus  stm32f10x_adc.o
    0x08001c90   0x08001c90   0x00000014   Code   RO         4334    i.ADC_GetResetCalibrationStatus  stm32f10x_adc.o
    0x08001ca4   0x08001ca4   0x00000050   Code   RO         4338    i.ADC_Init          stm32f10x_adc.o
    0x08001cf4   0x08001cf4   0x0000000a   Code   RO         4343    i.ADC_ResetCalibration  stm32f10x_adc.o
    0x08001cfe   0x08001cfe   0x0000000a   Code   RO         4347    i.ADC_StartCalibration  stm32f10x_adc.o
    0x08001d08   0x08001d08   0x000000a8   Code   RO         3806    i.ADCx_Init         adc.o
    0x08001db0   0x08001db0   0x0000004c   Code   RO         3857    i.Delay_Init        delay.o
    0x08001dfc   0x08001dfc   0x00000028   Code   RO         3934    i.EXTI0_IRQHandler  exti.o
    0x08001e24   0x08001e24   0x000000d4   Code   RO         3935    i.EXTI15_10_IRQHandler  exti.o
    0x08001ef8   0x08001ef8   0x00000028   Code   RO         3936    i.EXTI1_IRQHandler  exti.o
    0x08001f20   0x08001f20   0x00000028   Code   RO         3937    i.EXTI2_IRQHandler  exti.o
    0x08001f48   0x08001f48   0x00000028   Code   RO         3938    i.EXTI3_IRQHandler  exti.o
    0x08001f70   0x08001f70   0x00000028   Code   RO         3939    i.EXTI4_IRQHandler  exti.o
    0x08001f98   0x08001f98   0x000000a8   Code   RO         3940    i.EXTI9_5_IRQHandler  exti.o
    0x08002040   0x08002040   0x0000000c   Code   RO         4633    i.EXTI_ClearITPendingBit  stm32f10x_exti.o
    0x0800204c   0x0800204c   0x00000028   Code   RO         4637    i.EXTI_GetITStatus  stm32f10x_exti.o
    0x08002074   0x08002074   0x00000116   Code   RO         4890    i.GPIO_Init         stm32f10x_gpio.o
    0x0800218a   0x0800218a   0x00000002   PAD
    0x0800218c   0x0800218c   0x00000018   Code   RO         4030    i.GPIO_JTAG_Disable  gpio.o
    0x080021a4   0x080021a4   0x00000090   Code   RO         4892    i.GPIO_PinRemapConfig  stm32f10x_gpio.o
    0x08002234   0x08002234   0x000000a8   Code   RO         4031    i.GPIOx_Init        gpio.o
    0x080022dc   0x080022dc   0x00000070   Code   RO         4266    i.NVIC_Init         misc.o
    0x0800234c   0x0800234c   0x00000014   Code   RO         4267    i.NVIC_PriorityGroupConfig  misc.o
    0x08002360   0x08002360   0x00000094   Code   RO         4081    i.PWM_Init          pwm.o
    0x080023f4   0x080023f4   0x00000018   Code   RO         5010    i.RCC_ADCCLKConfig  stm32f10x_rcc.o
    0x0800240c   0x0800240c   0x00000020   Code   RO         5012    i.RCC_APB1PeriphClockCmd  stm32f10x_rcc.o
    0x0800242c   0x0800242c   0x00000020   Code   RO         5014    i.RCC_APB2PeriphClockCmd  stm32f10x_rcc.o
    0x0800244c   0x0800244c   0x00000020   Code   RO         5015    i.RCC_APB2PeriphResetCmd  stm32f10x_rcc.o
    0x0800246c   0x0800246c   0x000000d4   Code   RO         5022    i.RCC_GetClocksFreq  stm32f10x_rcc.o
    0x08002540   0x08002540   0x00000018   Code   RO         5227    i.SPI_Cmd           stm32f10x_spi.o
    0x08002558   0x08002558   0x0000003c   Code   RO         5240    i.SPI_Init          stm32f10x_spi.o
    0x08002594   0x08002594   0x00000008   Code   RO         6137    i.SetSysClock       system_stm32f10x.o
    0x0800259c   0x0800259c   0x000000e0   Code   RO         6138    i.SetSysClockTo72   system_stm32f10x.o
    0x0800267c   0x0800267c   0x00000010   Code   RO         3859    i.SysTick_Handler   delay.o
    0x0800268c   0x0800268c   0x000000a4   Code   RO         6139    i.SystemCoreClockUpdate  system_stm32f10x.o
    0x08002730   0x08002730   0x00000060   Code   RO         6140    i.SystemInit        system_stm32f10x.o
    0x08002790   0x08002790   0x00000030   Code   RO         4148    i.TIM1_UP_IRQHandler  timer.o
    0x080027c0   0x080027c0   0x0000002c   Code   RO         4149    i.TIM2_IRQHandler   timer.o
    0x080027ec   0x080027ec   0x00000030   Code   RO         4150    i.TIM3_IRQHandler   timer.o
    0x0800281c   0x0800281c   0x00000030   Code   RO         4151    i.TIM4_IRQHandler   timer.o
    0x0800284c   0x0800284c   0x00000006   Code   RO         5389    i.TIM_ClearITPendingBit  stm32f10x_tim.o
    0x08002852   0x08002852   0x00000018   Code   RO         5394    i.TIM_Cmd           stm32f10x_tim.o
    0x0800286a   0x0800286a   0x0000001e   Code   RO         5396    i.TIM_CtrlPWMOutputs  stm32f10x_tim.o
    0x08002888   0x08002888   0x00000022   Code   RO         5415    i.TIM_GetITStatus   stm32f10x_tim.o
    0x080028aa   0x080028aa   0x00000002   PAD
    0x080028ac   0x080028ac   0x00000098   Code   RO         5423    i.TIM_OC1Init       stm32f10x_tim.o
    0x08002944   0x08002944   0x00000012   Code   RO         5426    i.TIM_OC1PreloadConfig  stm32f10x_tim.o
    0x08002956   0x08002956   0x00000002   PAD
    0x08002958   0x08002958   0x000000a4   Code   RO         5428    i.TIM_OC2Init       stm32f10x_tim.o
    0x080029fc   0x080029fc   0x0000001a   Code   RO         5431    i.TIM_OC2PreloadConfig  stm32f10x_tim.o
    0x08002a16   0x08002a16   0x00000002   PAD
    0x08002a18   0x08002a18   0x000000a0   Code   RO         5433    i.TIM_OC3Init       stm32f10x_tim.o
    0x08002ab8   0x08002ab8   0x00000012   Code   RO         5436    i.TIM_OC3PreloadConfig  stm32f10x_tim.o
    0x08002aca   0x08002aca   0x00000002   PAD
    0x08002acc   0x08002acc   0x0000007c   Code   RO         5438    i.TIM_OC4Init       stm32f10x_tim.o
    0x08002b48   0x08002b48   0x0000001a   Code   RO         5440    i.TIM_OC4PreloadConfig  stm32f10x_tim.o
    0x08002b62   0x08002b62   0x00000002   PAD
    0x08002b64   0x08002b64   0x000000a4   Code   RO         5465    i.TIM_TimeBaseInit  stm32f10x_tim.o
    0x08002c08   0x08002c08   0x00000180   Code   RO         4083    i.TIMx_OCxInit      pwm.o
    0x08002d88   0x08002d88   0x00000164   Code   RO         4156    i.Timer_ClockCmd    timer.o
    0x08002eec   0x08002eec   0x00000010   Code   RO         2047    i.USART1_IRQHandler  hardwareserial.o
    0x08002efc   0x08002efc   0x00000010   Code   RO         2048    i.USART2_IRQHandler  hardwareserial.o
    0x08002f0c   0x08002f0c   0x00000010   Code   RO         2049    i.USART3_IRQHandler  hardwareserial.o
    0x08002f1c   0x08002f1c   0x0000001e   Code   RO         5939    i.USART_ClearITPendingBit  stm32f10x_usart.o
    0x08002f3a   0x08002f3a   0x00000018   Code   RO         5942    i.USART_Cmd         stm32f10x_usart.o
    0x08002f52   0x08002f52   0x0000001a   Code   RO         5945    i.USART_GetFlagStatus  stm32f10x_usart.o
    0x08002f6c   0x08002f6c   0x00000054   Code   RO         5946    i.USART_GetITStatus  stm32f10x_usart.o
    0x08002fc0   0x08002fc0   0x0000004a   Code   RO         5948    i.USART_ITConfig    stm32f10x_usart.o
    0x0800300a   0x0800300a   0x00000002   PAD
    0x0800300c   0x0800300c   0x000000d8   Code   RO         5949    i.USART_Init        stm32f10x_usart.o
    0x080030e4   0x080030e4   0x0000000a   Code   RO         5956    i.USART_ReceiveData  stm32f10x_usart.o
    0x080030ee   0x080030ee   0x00000008   Code   RO         5959    i.USART_SendData    stm32f10x_usart.o
    0x080030f6   0x080030f6   0x00000002   PAD
    0x080030f8   0x080030f8   0x00000020   Code   RO          336    i._Z11_sqrtApproxf  foc_utils.o
    0x08003118   0x08003118   0x0000002c   Code   RO          337    i._Z15_normalizeAnglef  foc_utils.o
    0x08003144   0x08003144   0x00000016   Code   RO          338    i._Z16_electricalAnglefi  foc_utils.o
    0x0800315a   0x0800315a   0x00000002   PAD
    0x0800315c   0x0800315c   0x00000038   Code   RO          339    i._Z4_cosf          foc_utils.o
    0x08003194   0x08003194   0x000001b8   Code   RO          340    i._Z4_sinf          foc_utils.o
    0x0800334c   0x0800334c   0x000005a4   Code   RO            4    i._Z4loopv          main.o
    0x080038f0   0x080038f0   0x00000254   Code   RO            5    i._Z5setupv         main.o
    0x08003b44   0x08003b44   0x0000000c   Code   RO          486    i._Z6_delaym        time_utils.o
    0x08003b50   0x08003b50   0x00000008   Code   RO          487    i._Z7_microsv       time_utils.o
    0x08003b58   0x08003b58   0x00000018   Code   RO            6    i._Z8doTargetPc     main.o
    0x08003b70   0x08003b70   0x0000001c   Code   RO         1108    i._ZN11SPISettingsC1Ev  magneticsensorspi.o
    0x08003b8c   0x08003b8c   0x000000f0   Code   RO         1290    i._ZN12CurrentSense14getFOCCurrentsEf  currentsense.o
    0x08003c7c   0x08003c7c   0x00000016   Code   RO          407    i._ZN13LowPassFilterC1Ef  lowpass_filter.o
    0x08003c92   0x08003c92   0x00000002   PAD
    0x08003c94   0x08003c94   0x00000094   Code   RO          408    i._ZN13LowPassFilterclEf  lowpass_filter.o
    0x08003d28   0x08003d28   0x00000032   Code   RO          450    i._ZN13PIDControllerC1Efffff  pid.o
    0x08003d5a   0x08003d5a   0x00000002   PAD
    0x08003d5c   0x08003d5c   0x0000016c   Code   RO          451    i._ZN13PIDControllerclEf  pid.o
    0x08003ec8   0x08003ec8   0x00000002   Code   RO          735    i._ZN14BLDCDriver3PWM13setPhaseStateEiii  bldcdriver3pwm.o
    0x08003eca   0x08003eca   0x00000002   PAD
    0x08003ecc   0x08003ecc   0x000000b0   Code   RO          736    i._ZN14BLDCDriver3PWM4initEv  bldcdriver3pwm.o
    0x08003f7c   0x08003f7c   0x00000074   Code   RO          737    i._ZN14BLDCDriver3PWM6enableEv  bldcdriver3pwm.o
    0x08003ff0   0x08003ff0   0x0000018c   Code   RO          738    i._ZN14BLDCDriver3PWM6setPwmEfff  bldcdriver3pwm.o
    0x0800417c   0x0800417c   0x00000090   Code   RO          739    i._ZN14BLDCDriver3PWM7disableEv  bldcdriver3pwm.o
    0x0800420c   0x0800420c   0x00000038   Code   RO          740    i._ZN14BLDCDriver3PWMC1Eiiiiii  bldcdriver3pwm.o
    0x08004244   0x08004244   0x00000052   Code   RO         2050    i._ZN14HardwareSerial10IRQHandlerEv  hardwareserial.o
    0x08004296   0x08004296   0x00000012   Code   RO         2055    i._ZN14HardwareSerial5beginEj  hardwareserial.o
    0x080042a8   0x080042a8   0x0000001a   Code   RO         2056    i._ZN14HardwareSerial5beginEj13SERIAL_Config  hardwareserial.o
    0x080042c2   0x080042c2   0x00000002   PAD
    0x080042c4   0x080042c4   0x00000120   Code   RO         2057    i._ZN14HardwareSerial5beginEj13SERIAL_Confighh  hardwareserial.o
    0x080043e4   0x080043e4   0x00000020   Code   RO         2059    i._ZN14HardwareSerial5writeEh  hardwareserial.o
    0x08004404   0x08004404   0x00000034   Code   RO         2061    i._ZN14HardwareSerialC1EP13USART_TypeDef  hardwareserial.o
    0x08004438   0x08004438   0x0000000e   Code   RO         1038    i._ZN17MagneticSensorSPI11getRawCountEv  magneticsensorspi.o
    0x08004446   0x08004446   0x00000002   PAD
    0x08004448   0x08004448   0x0000002c   Code   RO         1039    i._ZN17MagneticSensorSPI14getSensorAngleEv  magneticsensorspi.o
    0x08004474   0x08004474   0x00000024   Code   RO         1040    i._ZN17MagneticSensorSPI17spiCalcEvenParityEj  magneticsensorspi.o
    0x08004498   0x08004498   0x00000074   Code   RO         1041    i._ZN17MagneticSensorSPI4initEP8SPIClass  magneticsensorspi.o
    0x0800450c   0x0800450c   0x000000e0   Code   RO         1042    i._ZN17MagneticSensorSPI4readEj  magneticsensorspi.o
    0x080045ec   0x080045ec   0x00000094   Code   RO         1044    i._ZN17MagneticSensorSPIC1E25MagneticSensorSPIConfig_si  magneticsensorspi.o
    0x08004680   0x08004680   0x00000174   Code   RO         2242    i._ZN5Print10printFloatEdh  print.o
    0x080047f4   0x080047f4   0x00000090   Code   RO         2243    i._ZN5Print11printNumberEyh  print.o
    0x08004884   0x08004884   0x00000010   Code   RO         2244    i._ZN5Print5printEPK19__FlashStringHelper  print.o
    0x08004894   0x08004894   0x00000012   Code   RO         2245    i._ZN5Print5printEPKc  print.o
    0x080048a6   0x080048a6   0x00000012   Code   RO         2248    i._ZN5Print5printEc  print.o
    0x080048b8   0x080048b8   0x0000001a   Code   RO         2249    i._ZN5Print5printEdi  print.o
    0x080048d2   0x080048d2   0x00000016   Code   RO         2251    i._ZN5Print5printEii  print.o
    0x080048e8   0x080048e8   0x00000044   Code   RO         2255    i._ZN5Print5printExi  print.o
    0x0800492c   0x0800492c   0x00000022   Code   RO         2257    i._ZN5Print5writeEPKc  print.o
    0x0800494e   0x0800494e   0x0000001c   Code   RO         2260    i._ZN5Print7printlnEPK19__FlashStringHelper  print.o
    0x0800496a   0x0800496a   0x0000001c   Code   RO         2261    i._ZN5Print7printlnEPKc  print.o
    0x08004986   0x08004986   0x0000002c   Code   RO         2265    i._ZN5Print7printlnEdi  print.o
    0x080049b2   0x080049b2   0x00000024   Code   RO         2267    i._ZN5Print7printlnEii  print.o
    0x080049d6   0x080049d6   0x0000001c   Code   RO         2271    i._ZN5Print7printlnEv  print.o
    0x080049f2   0x080049f2   0x00000002   PAD
    0x080049f4   0x080049f4   0x00000080   Code   RO         1429    i._ZN6Sensor11getVelocityEv  sensor.o
    0x08004a74   0x08004a74   0x00000006   Code   RO         1430    i._ZN6Sensor11needsSearchEv  sensor.o
    0x08004a7a   0x08004a7a   0x00000006   Code   RO         1433    i._ZN6Sensor18getMechanicalAngleEv  sensor.o
    0x08004a80   0x08004a80   0x00000058   Code   RO         1435    i._ZN6Sensor6updateEv  sensor.o
    0x08004ad8   0x08004ad8   0x00000020   Code   RO         1436    i._ZN6Sensor8getAngleEv  sensor.o
    0x08004af8   0x08004af8   0x00000018   Code   RO         1008    i._ZN6SensorC2Ev    magneticsensori2c.o
    0x08004b10   0x08004b10   0x00000024   Code   RO         3028    i._ZN7TwoWireC1Ehhh  wire.o
    0x08004b34   0x08004b34   0x0000001c   Code   RO         3029    i._ZN7TwoWireD1Ev   wire.o
    0x08004b50   0x08004b50   0x00000006   Code   RO         1337    i._ZN8FOCMotor10linkSensorEP6Sensor  focmotor.o
    0x08004b56   0x08004b56   0x00000046   Code   RO         1338    i._ZN8FOCMotor10shaftAngleEv  focmotor.o
    0x08004b9c   0x08004b9c   0x0000003c   Code   RO         1339    i._ZN8FOCMotor13shaftVelocityEv  focmotor.o
    0x08004bd8   0x08004bd8   0x00000034   Code   RO         1340    i._ZN8FOCMotor13useMonitoringER5Print  focmotor.o
    0x08004c0c   0x08004c0c   0x00000046   Code   RO         1341    i._ZN8FOCMotor15electricalAngleEv  focmotor.o
    0x08004c52   0x08004c52   0x00000002   PAD
    0x08004c54   0x08004c54   0x00000144   Code   RO         1344    i._ZN8FOCMotorC2Ev  focmotor.o
    0x08004d98   0x08004d98   0x00000026   Code   RO         3319    i._ZN8SPIClass11setBitOrderEt  spi.o
    0x08004dbe   0x08004dbe   0x00000052   Code   RO         3320    i._ZN8SPIClass11setDataModeEh  spi.o
    0x08004e10   0x08004e10   0x00000080   Code   RO         3322    i._ZN8SPIClass12SPI_SettingsEP11SPI_TypeDeftttttt  spi.o
    0x08004e90   0x08004e90   0x00000002   Code   RO         3323    i._ZN8SPIClass14endTransactionEv  spi.o
    0x08004e92   0x08004e92   0x0000000e   Code   RO         3325    i._ZN8SPIClass16beginTransactionE11SPISettings  spi.o
    0x08004ea0   0x08004ea0   0x00000036   Code   RO         3333    i._ZN8SPIClass5beginE11SPISettings  spi.o
    0x08004ed6   0x08004ed6   0x00000002   PAD
    0x08004ed8   0x08004ed8   0x000000ec   Code   RO         3335    i._ZN8SPIClass5beginEv  spi.o
    0x08004fc4   0x08004fc4   0x00000060   Code   RO         3340    i._ZN8SPIClass8setClockEj  spi.o
    0x08005024   0x08005024   0x00000004   Code   RO         3341    i._ZN8SPIClassC1EP11SPI_TypeDef  spi.o
    0x08005028   0x08005028   0x00000006   Code   RO         1146    i._ZN9BLDCMotor10linkDriverEP10BLDCDriver  bldcmotor.o
    0x0800502e   0x0800502e   0x00000002   PAD
    0x08005030   0x08005030   0x00000388   Code   RO         1147    i._ZN9BLDCMotor11alignSensorEv  bldcmotor.o
    0x080053b8   0x080053b8   0x0000011c   Code   RO         1148    i._ZN9BLDCMotor13angleOpenloopEf  bldcmotor.o
    0x080054d4   0x080054d4   0x00000906   Code   RO         1149    i._ZN9BLDCMotor15setPhaseVoltageEfff  bldcmotor.o
    0x08005dda   0x08005dda   0x00000002   PAD
    0x08005ddc   0x08005ddc   0x000000a4   Code   RO         1150    i._ZN9BLDCMotor16velocityOpenloopEf  bldcmotor.o
    0x08005e80   0x08005e80   0x000000ac   Code   RO         1151    i._ZN9BLDCMotor17alignCurrentSenseEv  bldcmotor.o
    0x08005f2c   0x08005f2c   0x000000e4   Code   RO         1152    i._ZN9BLDCMotor18absoluteZeroSearchEv  bldcmotor.o
    0x08006010   0x08006010   0x00000100   Code   RO         1153    i._ZN9BLDCMotor4initEv  bldcmotor.o
    0x08006110   0x08006110   0x00000180   Code   RO         1154    i._ZN9BLDCMotor4moveEf  bldcmotor.o
    0x08006290   0x08006290   0x00000026   Code   RO         1155    i._ZN9BLDCMotor6enableEv  bldcmotor.o
    0x080062b6   0x080062b6   0x00000026   Code   RO         1156    i._ZN9BLDCMotor7disableEv  bldcmotor.o
    0x080062dc   0x080062dc   0x0000010c   Code   RO         1157    i._ZN9BLDCMotor7initFOCEf9Direction  bldcmotor.o
    0x080063e8   0x080063e8   0x0000012c   Code   RO         1158    i._ZN9BLDCMotor7loopFOCEv  bldcmotor.o
    0x08006514   0x08006514   0x00000028   Code   RO         1159    i._ZN9BLDCMotorC1Eif  bldcmotor.o
    0x0800653c   0x0800653c   0x00000038   Code   RO          521    i._ZN9Commander10isSentinelEc  commander.o
    0x08006574   0x08006574   0x00000016   Code   RO          523    i._ZN9Commander12printVerboseEPK19__FlashStringHelper  commander.o
    0x0800658a   0x0800658a   0x0000002c   Code   RO          525    i._ZN9Commander3addEcPFvPcES0_  commander.o
    0x080065b6   0x080065b6   0x0000001c   Code   RO          532    i._ZN9Commander5printEPK19__FlashStringHelper  commander.o
    0x080065d2   0x080065d2   0x00000034   Code   RO          537    i._ZN9Commander6scalarEPfPc  commander.o
    0x08006606   0x08006606   0x0000002a   Code   RO          541    i._ZN9Commander7printlnEf  commander.o
    0x08006630   0x08006630   0x00000048   Code   RO          543    i._ZN9CommanderC1ER6Streamcb  commander.o
    0x08006678   0x08006678   0x00000030   Code   RO         3342    i._ZNK8SPIClass10transfer16Et  spi.o
    0x080066a8   0x080066a8   0x0000000a   Code   RO           53    i._ZSt3absf         main.o
    0x080066b2   0x080066b2   0x0000000a   Code   RO         1254    i._ZSt4fabsf        bldcmotor.o
    0x080066bc   0x080066bc   0x00000028   Code   RO         6825    i.__ARM_fpclassify  m_ws.l(fpclassify.o)
    0x080066e4   0x080066e4   0x00000026   Code   RO         6827    i.__ARM_fpclassifyf  m_ws.l(fpclassifyf.o)
    0x0800670a   0x0800670a   0x00000002   PAD
    0x0800670c   0x0800670c   0x00000028   Code   RO         3860    i.__NVIC_SetPriority  delay.o
    0x08006734   0x08006734   0x00000010   Code   RO         6340    i.__cxa_guard_acquire  cpprt_w.l(cxa_guard_acquire.o)
    0x08006744   0x08006744   0x00000006   Code   RO         6337    i.__cxa_pure_virtual  cpprt_w.l(pure_virt.o)
    0x0800674a   0x0800674a   0x000000aa   Code   RO         6843    i.__kernel_poly     m_ws.l(poly.o)
    0x080067f4   0x080067f4   0x00000010   Code   RO         6811    i.__mathlib_dbl_divzero  m_ws.l(dunder.o)
    0x08006804   0x08006804   0x00000004   Code   RO         6813    i.__mathlib_dbl_infnan2  m_ws.l(dunder.o)
    0x08006808   0x08006808   0x0000000c   Code   RO         6814    i.__mathlib_dbl_invalid  m_ws.l(dunder.o)
    0x08006814   0x08006814   0x0000000e   Code   RO         6815    i.__mathlib_dbl_overflow  m_ws.l(dunder.o)
    0x08006822   0x08006822   0x00000002   PAD
    0x08006824   0x08006824   0x00000010   Code   RO         6817    i.__mathlib_dbl_underflow  m_ws.l(dunder.o)
    0x08006834   0x08006834   0x00000006   Code   RO         6830    i.__mathlib_flt_infnan  m_ws.l(funder.o)
    0x0800683a   0x0800683a   0x00000004   Code   RO         6831    i.__mathlib_flt_infnan2  m_ws.l(funder.o)
    0x0800683e   0x0800683e   0x00000008   Code   RO         6832    i.__mathlib_flt_invalid  m_ws.l(funder.o)
    0x08006846   0x08006846   0x0000000a   Code   RO         6835    i.__mathlib_flt_underflow  m_ws.l(funder.o)
    0x08006850   0x08006850   0x00000010   Code   RO         7068    i.__mathlib_narrow  m_ws.l(narrow.o)
    0x08006860   0x08006860   0x00000168   Code   RO         6846    i.__mathlib_rredf2  m_ws.l(rredf.o)
    0x080069c8   0x080069c8   0x000000bc   Code   RO         7069    i.__mathlib_tofloat  m_ws.l(narrow.o)
    0x08006a84   0x08006a84   0x00000034   Code   RO         2062    i.__sti___18_HardwareSerial_cpp_cfa1b6a6  hardwareserial.o
    0x08006ab8   0x08006ab8   0x00000024   Code   RO         1046    i.__sti___21_MagneticSensorSPI_cpp_ded180f4  magneticsensorspi.o
    0x08006adc   0x08006adc   0x00000034   Code   RO         3344    i.__sti___7_SPI_cpp_ce5662b4  spi.o
    0x08006b10   0x08006b10   0x00000028   Code   RO         3030    i.__sti___8_Wire_cpp_928ee5ff  wire.o
    0x08006b38   0x08006b38   0x000000b8   Code   RO            7    i.__sti___8_main_cpp_bc2ade05  main.o
    0x08006bf0   0x08006bf0   0x00000016   Code   RO         7107    i.__support_ldexp   m_ws.l(ldexp.o)
    0x08006c06   0x08006c06   0x0000000e   Code   RO         6274    i._is_digit         c_w.l(__printf_wp.o)
    0x08006c14   0x08006c14   0x0000025c   Code   RO         6537    i.atan2f            m_ws.l(atan2f.o)
    0x08006e70   0x08006e70   0x0000002a   Code   RO         6545    i.atof              m_ws.l(atof.o)
    0x08006e9a   0x08006e9a   0x00000002   PAD
    0x08006e9c   0x08006e9c   0x0000017c   Code   RO         6549    i.cosf              m_ws.l(cosf.o)
    0x08007018   0x08007018   0x00000018   Code   RO         3861    i.delay_ms          delay.o
    0x08007030   0x08007030   0x00000054   Code   RO         3862    i.delay_us          delay.o
    0x08007084   0x08007084   0x00000038   Code   RO         1842    i.digitalWrite      arduino.o
    0x080070bc   0x080070bc   0x0000007c   Code   RO         6557    i.floorf            m_ws.l(floorf.o)
    0x08007138   0x08007138   0x0000006c   Code   RO         6561    i.fmodf             m_ws.l(fmodf.o)
    0x080071a4   0x080071a4   0x00000058   Code   RO         7098    i.frexp             m_ws.l(frexp.o)
    0x080071fc   0x080071fc   0x00000012   Code   RO         2973    i.isspace           wstring.o
    0x0800720e   0x0800720e   0x00000074   Code   RO         7108    i.ldexp             m_ws.l(ldexp.o)
    0x08007282   0x08007282   0x00000002   PAD
    0x08007284   0x08007284   0x00000028   Code   RO            8    i.main              main.o
    0x080072ac   0x080072ac   0x00000040   Code   RO         3863    i.micros            delay.o
    0x080072ec   0x080072ec   0x0000008c   Code   RO         1845    i.pinMode           arduino.o
    0x08007378   0x08007378   0x000009d8   Code   RO         6569    i.pow               m_ws.l(pow.o)
    0x08007d50   0x08007d50   0x00000058   Code   RO         4084    i.pwmWrite          pwm.o
    0x08007da8   0x08007da8   0x0000004c   Code   RO         6850    i.sqrt              m_ws.l(sqrt.o)
    0x08007df4   0x08007df4   0x0000002c   Code   RO         6715    locale$$code        c_w.l(lc_ctype_c.o)
    0x08007e20   0x08007e20   0x0000002c   Code   RO         6931    locale$$code        c_w.l(lc_numeric_c.o)
    0x08007e4c   0x08007e4c   0x00000062   Code   RO         6452    x$fpl$d2f           fz_ws.l(d2f.o)
    0x08007eae   0x08007eae   0x00000002   PAD
    0x08007eb0   0x08007eb0   0x00000150   Code   RO         6454    x$fpl$dadd          fz_ws.l(daddsub_clz.o)
    0x08008000   0x08008000   0x00000010   Code   RO         6979    x$fpl$dcheck1       fz_ws.l(dcheck1.o)
    0x08008010   0x08008010   0x00000018   Code   RO         6786    x$fpl$dcmpinf       fz_ws.l(dcmpi.o)
    0x08008028   0x08008028   0x000002b0   Code   RO         6461    x$fpl$ddiv          fz_ws.l(ddiv.o)
    0x080082d8   0x080082d8   0x00000078   Code   RO         6464    x$fpl$deqf          fz_ws.l(deqf.o)
    0x08008350   0x08008350   0x0000005e   Code   RO         6466    x$fpl$dfix          fz_ws.l(dfix.o)
    0x080083ae   0x080083ae   0x00000002   PAD
    0x080083b0   0x080083b0   0x0000005a   Code   RO         6474    x$fpl$dfixu         fz_ws.l(dfixu.o)
    0x0800840a   0x0800840a   0x0000002e   Code   RO         6479    x$fpl$dflt          fz_ws.l(dflt_clz.o)
    0x08008438   0x08008438   0x000000a2   Code   RO         6484    x$fpl$dfltll        fz_ws.l(dfltll_clz.o)
    0x080084da   0x080084da   0x00000002   PAD
    0x080084dc   0x080084dc   0x00000078   Code   RO         6488    x$fpl$dleqf         fz_ws.l(dleqf.o)
    0x08008554   0x08008554   0x00000154   Code   RO         6490    x$fpl$dmul          fz_ws.l(dmul.o)
    0x080086a8   0x080086a8   0x0000009c   Code   RO         6788    x$fpl$dnaninf       fz_ws.l(dnaninf.o)
    0x08008744   0x08008744   0x0000000c   Code   RO         6790    x$fpl$dretinf       fz_ws.l(dretinf.o)
    0x08008750   0x08008750   0x0000006c   Code   RO         6492    x$fpl$drleqf        fz_ws.l(drleqf.o)
    0x080087bc   0x080087bc   0x00000016   Code   RO         6455    x$fpl$drsb          fz_ws.l(daddsub_clz.o)
    0x080087d2   0x080087d2   0x00000002   PAD
    0x080087d4   0x080087d4   0x000001cc   Code   RO         6981    x$fpl$dsqrt         fz_ws.l(dsqrt_noumaal.o)
    0x080089a0   0x080089a0   0x000001d4   Code   RO         6456    x$fpl$dsub          fz_ws.l(daddsub_clz.o)
    0x08008b74   0x08008b74   0x00000056   Code   RO         6494    x$fpl$f2d           fz_ws.l(f2d.o)
    0x08008bca   0x08008bca   0x00000002   PAD
    0x08008bcc   0x08008bcc   0x000000c4   Code   RO         6496    x$fpl$fadd          fz_ws.l(faddsub_clz.o)
    0x08008c90   0x08008c90   0x0000000c   Code   RO         6983    x$fpl$fcheck1       fz_ws.l(fcheck1.o)
    0x08008c9c   0x08008c9c   0x00000018   Code   RO         6794    x$fpl$fcmpinf       fz_ws.l(fcmpi.o)
    0x08008cb4   0x08008cb4   0x00000184   Code   RO         6503    x$fpl$fdiv          fz_ws.l(fdiv.o)
    0x08008e38   0x08008e38   0x00000068   Code   RO         6506    x$fpl$feqf          fz_ws.l(feqf.o)
    0x08008ea0   0x08008ea0   0x00000036   Code   RO         6508    x$fpl$ffix          fz_ws.l(ffix.o)
    0x08008ed6   0x08008ed6   0x00000002   PAD
    0x08008ed8   0x08008ed8   0x00000030   Code   RO         6517    x$fpl$fflt          fz_ws.l(fflt_clz.o)
    0x08008f08   0x08008f08   0x00000026   Code   RO         6516    x$fpl$ffltu         fz_ws.l(fflt_clz.o)
    0x08008f2e   0x08008f2e   0x00000002   PAD
    0x08008f30   0x08008f30   0x00000068   Code   RO         6522    x$fpl$fleqf         fz_ws.l(fleqf.o)
    0x08008f98   0x08008f98   0x00000102   Code   RO         6524    x$fpl$fmul          fz_ws.l(fmul.o)
    0x0800909a   0x0800909a   0x0000008c   Code   RO         6796    x$fpl$fnaninf       fz_ws.l(fnaninf.o)
    0x08009126   0x08009126   0x00000002   PAD
    0x08009128   0x08009128   0x000000f4   Code   RO         6798    x$fpl$frem          fz_ws.l(frem_clz.o)
    0x0800921c   0x0800921c   0x0000000a   Code   RO         6800    x$fpl$fretinf       fz_ws.l(fretinf.o)
    0x08009226   0x08009226   0x00000062   Code   RO         6526    x$fpl$frleqf        fz_ws.l(frleqf.o)
    0x08009288   0x08009288   0x00000060   Code   RO         6802    x$fpl$frnd          fz_ws.l(frnd.o)
    0x080092e8   0x080092e8   0x00000014   Code   RO         6497    x$fpl$frsb          fz_ws.l(faddsub_clz.o)
    0x080092fc   0x080092fc   0x000000ea   Code   RO         6498    x$fpl$fsub          fz_ws.l(faddsub_clz.o)
    0x080093e6   0x080093e6   0x00000006   Code   RO         6804    x$fpl$ieeestatus    fz_ws.l(istatus.o)
    0x080093ec   0x080093ec   0x000000c2   Code   RO         6470    x$fpl$llsfromd      fz_ws.l(dfixll.o)
    0x080094ae   0x080094ae   0x00000064   Code   RO         7035    x$fpl$retnan        fz_ws.l(retnan.o)
    0x08009512   0x08009512   0x0000005c   Code   RO         6806    x$fpl$scalbn        fz_ws.l(scalbn.o)
    0x0800956e   0x0800956e   0x0000004c   Code   RO         6808    x$fpl$scalbnf       fz_ws.l(scalbnf.o)
    0x080095ba   0x080095ba   0x00000004   Code   RO         6987    x$fpl$scanf1        fz_ws.l(scanf1.o)
    0x080095be   0x080095be   0x00000008   Code   RO         7060    x$fpl$scanf2        fz_ws.l(scanf2.o)
    0x080095c6   0x080095c6   0x00000030   Code   RO         7066    x$fpl$trapveneer    fz_ws.l(trapv.o)
    0x080095f6   0x080095f6   0x00000000   Code   RO         6810    x$fpl$usenofp       fz_ws.l(usenofp.o)
    0x080095f6   0x080095f6   0x00000002   PAD
    0x080095f8   0x080095f8   0x00000320   Data   RO          346    .constdata          foc_utils.o
    0x08009918   0x08009918   0x00000028   Data   RO          569    .constdata          commander.o
    0x08009940   0x08009940   0x00000700   Data   RO         4032    .constdata          gpio.o
    0x0800a040   0x0800a040   0x00000088   Data   RO         6570    .constdata          m_ws.l(pow.o)
    0x0800a0c8   0x0800a0c8   0x00000008   Data   RO         6845    .constdata          m_ws.l(qnan.o)
    0x0800a0d0   0x0800a0d0   0x00000020   Data   RO         6847    .constdata          m_ws.l(rredf.o)
    0x0800a0f0   0x0800a0f0   0x00000094   Data   RO         6904    .constdata          c_w.l(bigflt0.o)
    0x0800a184   0x0800a184   0x0000001c   Data   RO          788    .constdata__ZTV10BLDCDriver  bldcdriver3pwm.o
    0x0800a1a0   0x0800a1a0   0x0000001c   Data   RO          786    .constdata__ZTV14BLDCDriver3PWM  bldcdriver3pwm.o
    0x0800a1bc   0x0800a1bc   0x00000024   Data   RO         2160    .constdata__ZTV14HardwareSerial  hardwareserial.o
    0x0800a1e0   0x0800a1e0   0x0000002c   Data   RO         1107    .constdata__ZTV17MagneticSensorSPI  magneticsensorspi.o
    0x0800a20c   0x0800a20c   0x00000014   Data   RO         2446    .constdata__ZTV5Print  print.o
    0x0800a220   0x0800a220   0x0000002c   Data   RO         1492    .constdata__ZTV6Sensor  sensor.o
    0x0800a24c   0x0800a24c   0x00000024   Data   RO         2162    .constdata__ZTV6Stream  hardwareserial.o
    0x0800a270   0x0800a270   0x00000010   Data   RO         3115    .constdata__ZTV7TwoWire  wire.o
    0x0800a280   0x0800a280   0x00000020   Data   RO         1401    .constdata__ZTV8FOCMotor  focmotor.o
    0x0800a2a0   0x0800a2a0   0x00000010   Data   RO         3250    .constdata__ZTV8WireBase  wirebase.o
    0x0800a2b0   0x0800a2b0   0x00000020   Data   RO         1253    .constdata__ZTV9BLDCMotor  bldcmotor.o
    0x0800a2d0   0x0800a2d0   0x00000020   Data   RO         7118    Region$$Table       anon$$obj.o
    0x0800a2f0   0x0800a2f0   0x00000008   Data   RO         7056    c$$dinf             fz_ws.l(fpconst.o)
    0x0800a2f8   0x0800a2f8   0x00000008   Data   RO         7059    c$$dmax             fz_ws.l(fpconst.o)
    0x0800a300   0x0800a300   0x00000110   Data   RO         6714    locale$$data        c_w.l(lc_ctype_c.o)
    0x0800a410   0x0800a410   0x0000001c   Data   RO         6930    locale$$data        c_w.l(lc_numeric_c.o)
    0x0800a42c   0x0800a42c   0x00000004   Data   RO           16    .init_array         main.o
    0x0800a430   0x0800a42c   0x00000004   Data   RO         1058    .init_array         magneticsensorspi.o
    0x0800a434   0x0800a42c   0x00000004   Data   RO         2080    .init_array         hardwareserial.o
    0x0800a438   0x0800a42c   0x00000004   Data   RO         3046    .init_array         wire.o
    0x0800a43c   0x0800a42c   0x00000004   Data   RO         3373    .init_array         spi.o
    0x0800a440   0x0800a42c   0x00000000   Data   RO         6332    .init_array         c_w.l(init_aeabi.o)


    Execution Region RW_IRAM1 (Exec base: 0x20000000, Load base: 0x0800a440, Size: 0x00000f28, Max: 0x00005000, ABSOLUTE, COMPRESSED[0x000000bc])

    Exec Addr    Load Addr    Size         Type   Attr      Idx    E Section Name        Object

    0x20000000   COMPRESSED   0x00000064   Data   RW           15    .data               main.o
    0x20000064   COMPRESSED   0x0000005c   Data   RW         1057    .data               magneticsensorspi.o
    0x200000c0   COMPRESSED   0x000000d8   Data   RW         1174    .data               bldcmotor.o
    0x20000198   COMPRESSED   0x00000002   Data   RW         3808    .data               adc.o
    0x2000019a   COMPRESSED   0x00000002   PAD
    0x2000019c   COMPRESSED   0x0000007c   Data   RW         3865    .data               delay.o
    0x20000218   COMPRESSED   0x00000014   Data   RW         5042    .data               stm32f10x_rcc.o
    0x2000022c   COMPRESSED   0x00000014   Data   RW         6141    .data               system_stm32f10x.o
    0x20000240        -       0x00000338   Zero   RW           14    .bss                main.o
    0x20000578        -       0x00000038   Zero   RW         1056    .bss                magneticsensorspi.o
    0x200005b0        -       0x000001d4   Zero   RW         2079    .bss                hardwareserial.o
    0x20000784        -       0x00000058   Zero   RW         3045    .bss                wire.o
    0x200007dc        -       0x00000054   Zero   RW         3372    .bss                spi.o
    0x20000830        -       0x00000036   Zero   RW         3807    .bss                adc.o
    0x20000866   COMPRESSED   0x00000002   PAD
    0x20000868        -       0x00000040   Zero   RW         3945    .bss                exti.o
    0x200008a8        -       0x00000020   Zero   RW         4164    .bss                timer.o
    0x200008c8        -       0x00000060   Zero   RW         6858    .bss                c_w.l(libspace.o)
    0x20000928        -       0x00000200   Zero   RW         6128    HEAP                startup_stm32f10x_md.o
    0x20000b28        -       0x00000400   Zero   RW         6127    STACK               startup_stm32f10x_md.o


==============================================================================

Image component sizes


      Code (inc. data)   RO Data    RW Data    ZI Data      Debug   Object Name

       392         32          0          2         54       2599   adc.o
       196         12          0          0          0     270565   arduino.o
       890         36         56          0          0       5400   bldcdriver3pwm.o
      5402        626         32        216          0      12371   bldcmotor.o
       316         30         40          0          0      14428   commander.o
       240         12          0          0          0       4744   currentsense.o
       304         46          0        124          0      29273   delay.o
       580         40          0          0         64       4115   exti.o
       594         50        800          0          0       4912   foc_utils.o
       582         68         32          0          0       9188   focmotor.o
       192         34       1792          0          0       3831   gpio.o
       598         74         76          0        468      21459   hardwareserial.o
       170         12          0          0          0       1932   lowpass_filter.o
        24          4          0          0          0       1040   magneticsensori2c.o
       646         38         48         92         56      11247   magneticsensorspi.o
      2298        500          4        100        824     265345   main.o
       132         22          0          0          0       1811   misc.o
       414          8          0          0          0       2220   pid.o
       882         38         20          0          0      20780   print.o
       620         76          0          0          0       2609   pwm.o
       260         24         44          0          0       5088   sensor.o
       754         50          4          0         84      10178   spi.o
        64         26        236          0       1536        836   startup_stm32f10x_md.o
       254         24          0          0          0       6451   stm32f10x_adc.o
        52         12          0          0          0       1200   stm32f10x_exti.o
       422          6          0          0          0       3070   stm32f10x_gpio.o
       332         44          0         20          0       5918   stm32f10x_rcc.o
        84          0          0          0          0       2409   stm32f10x_spi.o
       946         92          0          0          0       9396   stm32f10x_tim.o
       472          6          0          0          0       7283   stm32f10x_usart.o
       492         50          0         20          0       3137   system_stm32f10x.o
        20          0          0          0          0       1035   time_utils.o
       544        102          0          0         32       3672   timer.o
       104         30         20          0         88       4047   wire.o
         0          0         16          0          0          0   wirebase.o
        18          0          0          0          0        778   wstring.o

    ----------------------------------------------------------------------
     20330       2224       3252        576       3208     754367   Object Totals
         0          0         32          0          0          0   (incl. Generated)
        40          0          0          2          2          0   (incl. Padding)

    ----------------------------------------------------------------------

      Code (inc. data)   RO Data    RW Data    ZI Data      Debug   Library Member Name

        90          0          0          0          0          0   __dczerorl2.o
         8          0          0          0          0         68   __main.o
        14          0          0          0          0         68   __printf_wp.o
         0          0          0          0          0          0   __rtentry.o
        12          0          0          0          0          0   __rtentry2.o
         6          0          0          0          0          0   __rtentry4.o
        52          8          0          0          0          0   __scatter.o
        28          0          0          0          0          0   __scatter_zi.o
        28          0          0          0          0         68   _chval.o
        22          0          0          0          0        100   _rserrno.o
        64          0          0          0          0         84   _sgetc.o
        46          0          0          0          0         84   aeabi_atexit.o
       228          4        148          0          0         96   bigflt0.o
      1924        136          0          0          0        756   btod.o
        66          0          0          0          0         84   cxa_finalize.o
        10          0          0          0          0         68   defsig_exit.o
        50          0          0          0          0         88   defsig_general.o
        48         34          0          0          0         76   defsig_pvfn_inner.o
        14          0          0          0          0         80   defsig_pvfn_outer.o
        80         58          0          0          0         76   defsig_rtmem_inner.o
        14          0          0          0          0         80   defsig_rtmem_outer.o
        18          0          0          0          0         80   exit.o
        94          0          0          0          0         80   h1_alloc.o
        52          0          0          0          0         68   h1_extend.o
        78          0          0          0          0         80   h1_free.o
        14          0          0          0          0         84   h1_init.o
         6          0          0          0          0        152   heapauxi.o
         4          0          0          0          0        136   hguard.o
         0          0          0          0          0          0   indicate_semi.o
        36         10          0          0          0         80   init_aeabi.o
       138          0          0          0          0        168   init_alloc.o
        44         10        272          0          0         76   lc_ctype_c.o
        44         10         28          0          0         76   lc_numeric_c.o
         2          0          0          0          0          0   libinit.o
        42          0          0          0          0          0   libinit2.o
         2          0          0          0          0          0   libshutdown.o
         8          0          0          0          0          0   libshutdown2.o
         8          4          0          0         96         68   libspace.o
        38          0          0          0          0         68   llshl.o
       238          0          0          0          0        100   lludivv7m.o
         0          0          0          0          0          0   maybetermalloc1.o
        16          4          0          0          0         76   rt_ctype_table.o
         8          4          0          0          0         68   rt_ddtor_pointer_addr_intlibspace.o
         8          4          0          0          0         68   rt_errno_addr_intlibspace.o
         8          4          0          0          0         68   rt_heap_descriptor_intlibspace.o
         8          4          0          0          0         68   rt_locale_intlibspace.o
       138          0          0          0          0         68   rt_memcpy_v6.o
       100          0          0          0          0         80   rt_memcpy_w.o
         2          0          0          0          0          0   rtexit.o
        10          0          0          0          0          0   rtexit2.o
      1272         16          0          0          0        168   scanf_fp.o
       800         14          0          0          0        100   scanf_hexfp.o
       308         16          0          0          0        100   scanf_infnan.o
       128          0          0          0          0         68   strcmpv7m.o
       164         14          0          0          0        120   strtod.o
        12          4          0          0          0         68   sys_exit.o
        74          0          0          0          0         80   sys_stackheap_outer.o
        14          0          0          0          0         76   sys_wrch.o
         2          0          0          0          0         68   use_no_semi.o
        16          0          0          0          0         68   cxa_guard_acquire.o
         6          0          0          0          0         68   pure_virt.o
        98          4          0          0          0         92   d2f.o
       826         16          0          0          0        348   daddsub_clz.o
        16          4          0          0          0         68   dcheck1.o
        24          0          0          0          0         68   dcmpi.o
       688        140          0          0          0        208   ddiv.o
       120          4          0          0          0         92   deqf.o
        94          4          0          0          0         92   dfix.o
       194          4          0          0          0        116   dfixll.o
        90          4          0          0          0         92   dfixu.o
        46          0          0          0          0         68   dflt_clz.o
       162          0          0          0          0         84   dfltll_clz.o
       120          4          0          0          0         92   dleqf.o
       340         12          0          0          0        104   dmul.o
       156          4          0          0          0         92   dnaninf.o
        12          0          0          0          0         68   dretinf.o
       108          0          0          0          0         80   drleqf.o
       460         56          0          0          0        120   dsqrt_noumaal.o
        86          4          0          0          0         84   f2d.o
       450          8          0          0          0        236   faddsub_clz.o
        12          4          0          0          0         68   fcheck1.o
        24          0          0          0          0         68   fcmpi.o
       388         76          0          0          0         96   fdiv.o
       104          4          0          0          0         84   feqf.o
        54          4          0          0          0         84   ffix.o
        86          0          0          0          0        136   fflt_clz.o
       104          4          0          0          0         84   fleqf.o
       258          4          0          0          0         84   fmul.o
       140          4          0          0          0         84   fnaninf.o
         0          0         16          0          0          0   fpconst.o
       244          8          0          0          0         84   frem_clz.o
        10          0          0          0          0         68   fretinf.o
        98          0          0          0          0         68   frleqf.o
        96          4          0          0          0         76   frnd.o
         6          0          0          0          0         68   istatus.o
       100          0          0          0          0         68   retnan.o
        92          0          0          0          0         68   scalbn.o
        76          0          0          0          0         68   scalbnf.o
         4          0          0          0          0         68   scanf1.o
         8          0          0          0          0         84   scanf2.o
        48          0          0          0          0         68   trapv.o
         0          0          0          0          0          0   usenofp.o
       604         76          0          0          0        116   atan2f.o
        42          0          0          0          0         84   atof.o
       380         52          0          0          0        124   cosf.o
        62         10          0          0          0        340   dunder.o
       124         12          0          0          0         84   floorf.o
       108          0          0          0          0         96   fmodf.o
        40          0          0          0          0         68   fpclassify.o
        38          0          0          0          0         68   fpclassifyf.o
        88          8          0          0          0         76   frexp.o
        28          0          0          0          0        272   funder.o
       138          0          0          0          0        160   ldexp.o
       204          4          0          0          0        168   narrow.o
       170          0          0          0          0         96   poly.o
      2520        190        136          0          0        324   pow.o
         0          0          8          0          0          0   qnan.o
       360         16         32          0          0         88   rredf.o
        76          0          0          0          0         84   sqrt.o

    ----------------------------------------------------------------------
     17826       1108        640          0         96      10700   Library Totals
        38          2          0          0          0          0   (incl. Padding)

    ----------------------------------------------------------------------

      Code (inc. data)   RO Data    RW Data    ZI Data      Debug   Library Name

      6742        358        448          0         96       4536   c_w.l
        22          0          0          0          0        136   cpprt_w.l
      6042        380         16          0          0       3780   fz_ws.l
      4982        368        176          0          0       2248   m_ws.l

    ----------------------------------------------------------------------
     17826       1108        640          0         96      10700   Library Totals

    ----------------------------------------------------------------------

==============================================================================


      Code (inc. data)   RO Data    RW Data    ZI Data      Debug   

     38156       3332       3892        576       3304     749775   Grand Totals
     38156       3332       3892        188       3304     749775   ELF Image Totals (compressed)
     38156       3332       3892        188          0          0   ROM Totals

==============================================================================

    Total RO  Size (Code + RO Data)                42048 (  41.06kB)
    Total RW  Size (RW Data + ZI Data)              3880 (   3.79kB)
    Total ROM Size (Code + RO Data + RW Data)      42236 (  41.25kB)

==============================================================================

